Archive member included to satisfy reference by file (symbol)

/opt/st/stm32cubeide_1.18.1/plugins/com.st.stm32cube.ide.mcu.externaltools.gnu-tools-for-stm32.13.3.rel1.linux64_1.0.0.202410170706/tools/bin/../lib/gcc/arm-none-eabi/13.3.1/../../../../arm-none-eabi/lib/thumb/v7-m/nofp/libc_nano.a(libc_a-exit.o)
                              /opt/st/stm32cubeide_1.18.1/plugins/com.st.stm32cube.ide.mcu.externaltools.gnu-tools-for-stm32.13.3.rel1.linux64_1.0.0.202410170706/tools/bin/../lib/gcc/arm-none-eabi/13.3.1/../../../../arm-none-eabi/lib/thumb/v7-m/nofp/crt0.o (exit)
/opt/st/stm32cubeide_1.18.1/plugins/com.st.stm32cube.ide.mcu.externaltools.gnu-tools-for-stm32.13.3.rel1.linux64_1.0.0.202410170706/tools/bin/../lib/gcc/arm-none-eabi/13.3.1/../../../../arm-none-eabi/lib/thumb/v7-m/nofp/libc_nano.a(libc_a-findfp.o)
                              /opt/st/stm32cubeide_1.18.1/plugins/com.st.stm32cube.ide.mcu.externaltools.gnu-tools-for-stm32.13.3.rel1.linux64_1.0.0.202410170706/tools/bin/../lib/gcc/arm-none-eabi/13.3.1/../../../../arm-none-eabi/lib/thumb/v7-m/nofp/libc_nano.a(libc_a-exit.o) (__stdio_exit_handler)
/opt/st/stm32cubeide_1.18.1/plugins/com.st.stm32cube.ide.mcu.externaltools.gnu-tools-for-stm32.13.3.rel1.linux64_1.0.0.202410170706/tools/bin/../lib/gcc/arm-none-eabi/13.3.1/../../../../arm-none-eabi/lib/thumb/v7-m/nofp/libc_nano.a(libc_a-fwalk.o)
                              /opt/st/stm32cubeide_1.18.1/plugins/com.st.stm32cube.ide.mcu.externaltools.gnu-tools-for-stm32.13.3.rel1.linux64_1.0.0.202410170706/tools/bin/../lib/gcc/arm-none-eabi/13.3.1/../../../../arm-none-eabi/lib/thumb/v7-m/nofp/libc_nano.a(libc_a-findfp.o) (_fwalk_sglue)
/opt/st/stm32cubeide_1.18.1/plugins/com.st.stm32cube.ide.mcu.externaltools.gnu-tools-for-stm32.13.3.rel1.linux64_1.0.0.202410170706/tools/bin/../lib/gcc/arm-none-eabi/13.3.1/../../../../arm-none-eabi/lib/thumb/v7-m/nofp/libc_nano.a(libc_a-stdio.o)
                              /opt/st/stm32cubeide_1.18.1/plugins/com.st.stm32cube.ide.mcu.externaltools.gnu-tools-for-stm32.13.3.rel1.linux64_1.0.0.202410170706/tools/bin/../lib/gcc/arm-none-eabi/13.3.1/../../../../arm-none-eabi/lib/thumb/v7-m/nofp/libc_nano.a(libc_a-findfp.o) (__sread)
/opt/st/stm32cubeide_1.18.1/plugins/com.st.stm32cube.ide.mcu.externaltools.gnu-tools-for-stm32.13.3.rel1.linux64_1.0.0.202410170706/tools/bin/../lib/gcc/arm-none-eabi/13.3.1/../../../../arm-none-eabi/lib/thumb/v7-m/nofp/libc_nano.a(libc_a-memset.o)
                              /opt/st/stm32cubeide_1.18.1/plugins/com.st.stm32cube.ide.mcu.externaltools.gnu-tools-for-stm32.13.3.rel1.linux64_1.0.0.202410170706/tools/bin/../lib/gcc/arm-none-eabi/13.3.1/../../../../arm-none-eabi/lib/thumb/v7-m/nofp/crt0.o (memset)
/opt/st/stm32cubeide_1.18.1/plugins/com.st.stm32cube.ide.mcu.externaltools.gnu-tools-for-stm32.13.3.rel1.linux64_1.0.0.202410170706/tools/bin/../lib/gcc/arm-none-eabi/13.3.1/../../../../arm-none-eabi/lib/thumb/v7-m/nofp/libc_nano.a(libc_a-closer.o)
                              /opt/st/stm32cubeide_1.18.1/plugins/com.st.stm32cube.ide.mcu.externaltools.gnu-tools-for-stm32.13.3.rel1.linux64_1.0.0.202410170706/tools/bin/../lib/gcc/arm-none-eabi/13.3.1/../../../../arm-none-eabi/lib/thumb/v7-m/nofp/libc_nano.a(libc_a-stdio.o) (_close_r)
/opt/st/stm32cubeide_1.18.1/plugins/com.st.stm32cube.ide.mcu.externaltools.gnu-tools-for-stm32.13.3.rel1.linux64_1.0.0.202410170706/tools/bin/../lib/gcc/arm-none-eabi/13.3.1/../../../../arm-none-eabi/lib/thumb/v7-m/nofp/libc_nano.a(libc_a-reent.o)
                              /opt/st/stm32cubeide_1.18.1/plugins/com.st.stm32cube.ide.mcu.externaltools.gnu-tools-for-stm32.13.3.rel1.linux64_1.0.0.202410170706/tools/bin/../lib/gcc/arm-none-eabi/13.3.1/../../../../arm-none-eabi/lib/thumb/v7-m/nofp/libc_nano.a(libc_a-closer.o) (errno)
/opt/st/stm32cubeide_1.18.1/plugins/com.st.stm32cube.ide.mcu.externaltools.gnu-tools-for-stm32.13.3.rel1.linux64_1.0.0.202410170706/tools/bin/../lib/gcc/arm-none-eabi/13.3.1/../../../../arm-none-eabi/lib/thumb/v7-m/nofp/libc_nano.a(libc_a-impure.o)
                              /opt/st/stm32cubeide_1.18.1/plugins/com.st.stm32cube.ide.mcu.externaltools.gnu-tools-for-stm32.13.3.rel1.linux64_1.0.0.202410170706/tools/bin/../lib/gcc/arm-none-eabi/13.3.1/../../../../arm-none-eabi/lib/thumb/v7-m/nofp/libc_nano.a(libc_a-reent.o) (_impure_ptr)
/opt/st/stm32cubeide_1.18.1/plugins/com.st.stm32cube.ide.mcu.externaltools.gnu-tools-for-stm32.13.3.rel1.linux64_1.0.0.202410170706/tools/bin/../lib/gcc/arm-none-eabi/13.3.1/../../../../arm-none-eabi/lib/thumb/v7-m/nofp/libc_nano.a(libc_a-lseekr.o)
                              /opt/st/stm32cubeide_1.18.1/plugins/com.st.stm32cube.ide.mcu.externaltools.gnu-tools-for-stm32.13.3.rel1.linux64_1.0.0.202410170706/tools/bin/../lib/gcc/arm-none-eabi/13.3.1/../../../../arm-none-eabi/lib/thumb/v7-m/nofp/libc_nano.a(libc_a-stdio.o) (_lseek_r)
[...]
Memory Configuration

Name             Origin             Length             Attributes
RAM              0x20000000         0x00005000         xrw
FLASH            0x08000000         0x00010000         xr
*default*        0x00000000         0xffffffff

Linker script and memory map

LOAD /opt/st/stm32cubeide_1.18.1/plugins/com.st.stm32cube.ide.mcu.externaltools.gnu-tools-for-stm32.13.3.rel1.linux64_1.0.0.202410170706/tools/bin/../lib/gcc/arm-none-eabi/13.3.1/thumb/v7-m/nofp/crti.o
LOAD /opt/st/stm32cubeide_1.18.1/plugins/com.st.stm32cube.ide.mcu.externaltools.gnu-tools-for-stm32.13.3.rel1.linux64_1.0.0.202410170706/tools/bin/../lib/gcc/arm-none-eabi/13.3.1/thumb/v7-m/nofp/crtbegin.o
LOAD /opt/st/stm32cubeide_1.18.1/plugins/com.st.stm32cube.ide.mcu.externaltools.gnu-tools-for-stm32.13.3.rel1.linux64_1.0.0.202410170706/tools/bin/../lib/gcc/arm-none-eabi/13.3.1/../../../../arm-none-eabi/lib/thumb/v7-m/nofp/crt0.o
LOAD ./Core/Src/hx711.o
LOAD ./Core/Src/main.o
LOAD ./Core/Src/stm32f1xx_hal_msp.o
LOAD ./Core/Src/stm32f1xx_it.o
LOAD ./Core/Src/syscalls.o
LOAD ./Core/Src/sysmem.o
LOAD ./Core/Src/system_stm32f1xx.o
LOAD ./Core/Startup/startup_stm32f103c8tx.o
LOAD ./Drivers/STM32F1xx_HAL_Driver/Src/stm32f1xx_hal.o
LOAD ./Drivers/STM32F1xx_HAL_Driver/Src/stm32f1xx_hal_cortex.o
LOAD ./Drivers/STM32F1xx_HAL_Driver/Src/stm32f1xx_hal_dma.o
LOAD ./Drivers/STM32F1xx_HAL_Driver/Src/stm32f1xx_hal_exti.o
LOAD ./Drivers/STM32F1xx_HAL_Driver/Src/stm32f1xx_hal_flash.o
LOAD ./Drivers/STM32F1xx_HAL_Driver/Src/stm32f1xx_hal_flash_ex.o
LOAD ./Drivers/STM32F1xx_HAL_Driver/Src/stm32f1xx_hal_gpio.o
LOAD ./Drivers/STM32F1xx_HAL_Driver/Src/stm32f1xx_hal_gpio_ex.o
LOAD ./Drivers/STM32F1xx_HAL_Driver/Src/stm32f1xx_hal_pcd.o
LOAD ./Drivers/STM32F1xx_HAL_Driver/Src/stm32f1xx_hal_pcd_ex.o
LOAD ./Drivers/STM32F1xx_HAL_Driver/Src/stm32f1xx_hal_pwr.o
LOAD ./Drivers/STM32F1xx_HAL_Driver/Src/stm32f1xx_hal_rcc.o
LOAD ./Drivers/STM32F1xx_HAL_Driver/Src/stm32f1xx_hal_rcc_ex.o
LOAD ./Drivers/STM32F1xx_HAL_Driver/Src/stm32f1xx_hal_tim.o
LOAD ./Drivers/STM32F1xx_HAL_Driver/Src/stm32f1xx_hal_tim_ex.o
LOAD ./Drivers/STM32F1xx_HAL_Driver/Src/stm32f1xx_ll_usb.o
LOAD ./Middlewares/ST/STM32_USB_Device_Library/Class/CDC/Src/usbd_cdc.o
LOAD ./Middlewares/ST/STM32_USB_Device_Library/Core/Src/usbd_core.o
LOAD ./Middlewares/ST/STM32_USB_Device_Library/Core/Src/usbd_ctlreq.o
LOAD ./Middlewares/ST/STM32_USB_Device_Library/Core/Src/usbd_ioreq.o
LOAD ./USB_DEVICE/App/usb_device.o
LOAD ./USB_DEVICE/App/usbd_cdc_if.o
LOAD ./USB_DEVICE/App/usbd_desc.o
LOAD ./USB_DEVICE/Target/usbd_conf.o
START GROUP
LOAD /opt/st/stm32cubeide_1.18.1/plugins/com.st.stm32cube.ide.mcu.externaltools.gnu-tools-for-stm32.13.3.rel1.linux64_1.0.0.202410170706/tools/bin/../lib/gcc/arm-none-eabi/13.3.1/../../../../arm-none-eabi/lib/thumb/v7-m/nofp/libc_nano.a
LOAD /opt/st/stm32cubeide_1.18.1/plugins/com.st.stm32cube.ide.mcu.externaltools.gnu-tools-for-stm32.13.3.rel1.linux64_1.0.0.202410170706/tools/bin/../lib/gcc/arm-none-eabi/13.3.1/../../../../arm-none-eabi/lib/thumb/v7-m/nofp/libm.a
END GROUP
START GROUP
LOAD /opt/st/stm32cubeide_1.18.1/plugins/com.st.stm32cube.ide.mcu.externaltools.gnu-tools-for-stm32.13.3.rel1.linux64_1.0.0.202410170706/tools/bin/../lib/gcc/arm-none-eabi/13.3.1/thumb/v7-m/nofp/libgcc.a
LOAD /opt/st/stm32cubeide_1.18.1/plugins/com.st.stm32cube.ide.mcu.externaltools.gnu-tools-for-stm32.13.3.rel1.linux64_1.0.0.202410170706/tools/bin/../lib/gcc/arm-none-eabi/13.3.1/../../../../arm-none-eabi/lib/thumb/v7-m/nofp/libc_nano.a
END GROUP
START GROUP
LOAD /opt/st/stm32cubeide_1.18.1/plugins/com.st.stm32cube.ide.mcu.externaltools.gnu-tools-for-stm32.13.3.rel1.linux64_1.0.0.202410170706/tools/bin/../lib/gcc/arm-none-eabi/13.3.1/thumb/v7-m/nofp/libgcc.a
LOAD /opt/st/stm32cubeide_1.18.1/plugins/com.st.stm32cube.ide.mcu.externaltools.gnu-tools-for-stm32.13.3.rel1.linux64_1.0.0.202410170706/tools/bin/../lib/gcc/arm-none-eabi/13.3.1/../../../../arm-none-eabi/lib/thumb/v7-m/nofp/libc_nano.a
LOAD /opt/st/stm32cubeide_1.18.1/plugins/com.st.stm32cube.ide.mcu.externaltools.gnu-tools-for-stm32.13.3.rel1.linux64_1.0.0.202410170706/tools/bin/../lib/gcc/arm-none-eabi/13.3.1/../../../../arm-none-eabi/lib/thumb/v7-m/nofp/libnosys.a
END GROUP
START GROUP
LOAD /opt/st/stm32cubeide_1.18.1/plugins/com.st.stm32cube.ide.mcu.externaltools.gnu-tools-for-stm32.13.3.rel1.linux64_1.0.0.202410170706/tools/bin/../lib/gcc/arm-none-eabi/13.3.1/thumb/v7-m/nofp/libgcc.a
LOAD /opt/st/stm32cubeide_1.18.1/plugins/com.st.stm32cube.ide.mcu.externaltools.gnu-tools-for-stm32.13.3.rel1.linux64_1.0.0.202410170706/tools/bin/../lib/gcc/arm-none-eabi/13.3.1/../../../../arm-none-eabi/lib/thumb/v7-m/nofp/libc_nano.a
LOAD /opt/st/stm32cubeide_1.18.1/plugins/com.st.stm32cube.ide.mcu.externaltools.gnu-tools-for-stm32.13.3.rel1.linux64_1.0.0.202410170706/tools/bin/../lib/gcc/arm-none-eabi/13.3.1/../../../../arm-none-eabi/lib/thumb/v7-m/nofp/libnosys.a
END GROUP
LOAD /opt/st/stm32cubeide_1.18.1/plugins/com.st.stm32cube.ide.mcu.externaltools.gnu-tools-for-stm32.13.3.rel1.linux64_1.0.0.202410170706/tools/bin/../lib/gcc/arm-none-eabi/13.3.1/thumb/v7-m/nofp/crtend.o
LOAD /opt/st/stm32cubeide_1.18.1/plugins/com.st.stm32cube.ide.mcu.externaltools.gnu-tools-for-stm32.13.3.rel1.linux64_1.0.0.202410170706/tools/bin/../lib/gcc/arm-none-eabi/13.3.1/thumb/v7-m/nofp/crtn.o
                0x20005000                        _estack = (ORIGIN (RAM) + LENGTH (RAM))
                0x00000200                        _Min_Heap_Size = 0x200
                0x00000400                        _Min_Stack_Size = 0x400

.isr_vector     0x08000000      0x10c
                0x08000000                        . = ALIGN (0x4)
 *(.isr_vector)
 .isr_vector    0x08000000      0x10c ./Core/Startup/startup_stm32f103c8tx.o
                0x08000000                g_pfnVectors
                0x0800010c                        . = ALIGN (0x4)

.text           0x0800010c     0x8d04
                0x0800010c                        . = ALIGN (0x4)
 *(.text)
 .text          0x0800010c       0x40 /opt/st/stm32cubeide_1.18.1/plugins/com.st.stm32cube.ide.mcu.externaltools.gnu-tools-for-stm32.13.3.rel1.linux64_1.0.0.202410170706/tools/bin/../lib/gcc/arm-none-eabi/13.3.1/thumb/v7-m/nofp/crtbegin.o
 .text          0x0800014c      0x21c /opt/st/stm32cubeide_1.18.1/plugins/com.st.stm32cube.ide.mcu.externaltools.gnu-tools-for-stm32.13.3.rel1.linux64_1.0.0.202410170706/tools/bin/../lib/gcc/arm-none-eabi/13.3.1/thumb/v7-m/nofp/libgcc.a(_arm_addsubsf3.o)
                0x0800014c                __aeabi_frsub
                0x08000154                __subsf3
                0x08000154                __aeabi_fsub
                0x08000158                __aeabi_fadd
                0x08000158                __addsf3
                0x080002b8                __aeabi_ui2f
                0x080002b8                __floatunsisf
                0x080002c0                __aeabi_i2f
                0x080002c0                __floatsisf
                0x080002dc                __floatundisf
                0x080002dc                __aeabi_ul2f
                0x080002ec                __floatdisf
                0x080002ec                __aeabi_l2f
 .text          0x08000368      0x2a0 /opt/st/stm32cubeide_1.18.1/plugins/com.st.stm32cube.ide.mcu.externaltools.gnu-tools-for-stm32.13.3.rel1.linux64_1.0.0.202410170706/tools/bin/../lib/gcc/arm-none-eabi/13.3.1/thumb/v7-m/nofp/libgcc.a(_arm_muldivsf3.o)
                0x08000368                __mulsf3
                0x08000368                __aeabi_fmul
                0x080004d0                __divsf3
                0x080004d0                __aeabi_fdiv
 .text          0x08000608       0xa0 /opt/st/stm32cubeide_1.18.1/plugins/com.st.stm32cube.ide.mcu.externaltools.gnu-tools-for-stm32.13.3.rel1.linux64_1.0.0.202410170706/tools/bin/../lib/gcc/arm-none-eabi/13.3.1/thumb/v7-m/nofp/libgcc.a(_aeabi_ldivmod.o)
                0x08000608                __aeabi_ldivmod
 .text          0x080006a8      0x300 /opt/st/stm32cubeide_1.18.1/plugins/com.st.stm32cube.ide.mcu.externaltools.gnu-tools-for-stm32.13.3.rel1.linux64_1.0.0.202410170706/tools/bin/../lib/gcc/arm-none-eabi/13.3.1/thumb/v7-m/nofp/libgcc.a(_udivmoddi4.o)
                0x080006a8                __udivmoddi4
 .text          0x080009a8        0x4 /opt/st/stm32cubeide_1.18.1/plugins/com.st.stm32cube.ide.mcu.externaltools.gnu-tools-for-stm32.13.3.rel1.linux64_1.0.0.202410170706/tools/bin/../lib/gcc/arm-none-eabi/13.3.1/thumb/v7-m/nofp/libgcc.a(_dvmd_tls.o)
                0x080009a8                __aeabi_ldiv0
                0x080009a8                __aeabi_idiv0
 *(.text*)
 .text.hx711_delay_us
                0x080009ac       0x54 ./Core/Src/hx711.o
                0x080009ac                hx711_delay_us
 .text.hx711_lock
                0x08000a00       0x26 ./Core/Src/hx711.o
                0x08000a00                hx711_lock
 .text.hx711_unlock
                0x08000a26       0x18 ./Core/Src/hx711.o
                0x08000a26                hx711_unlock
 .text.hx711_init
                0x08000a3e       0xb6 ./Core/Src/hx711.o
                0x08000a3e                hx711_init
 .text.hx711_value
                0x08000af4       0xe8 ./Core/Src/hx711.o
                0x08000af4                hx711_value
 .text.hx711_tare
                0x08000bdc       0x84 ./Core/Src/hx711.o
                0x08000bdc                hx711_tare
 .text.hx711_weight
                0x08000c60       0xa6 ./Core/Src/hx711.o
                0x08000c60                hx711_weight
 .text.hx711_coef_set
                0x08000d06       0x1a ./Core/Src/hx711.o
                0x08000d06                hx711_coef_set
 .text.HAL_TIM_PeriodElapsedCallback
                0x08000d20       0xf4 ./Core/Src/main.o
                0x08000d20                HAL_TIM_PeriodElapsedCallback
 .text.main     0x08000e14       0xa0 ./Core/Src/main.o
                0x08000e14                main
 .text.SystemClock_Config
                0x08000eb4       0xb6 ./Core/Src/main.o
                0x08000eb4                SystemClock_Config
 *fill*         0x08000f6a        0x2 
 .text.MX_TIM1_Init
                0x08000f6c       0xa4 ./Core/Src/main.o
 .text.MX_TIM2_Init
                0x08001010       0x98 ./Core/Src/main.o
 .text.MX_GPIO_Init
                0x080010a8       0xc8 ./Core/Src/main.o
 .text.Error_Handler
                0x08001170        0xc ./Core/Src/main.o
                0x08001170                Error_Handler
 .text.HAL_MspInit
                0x0800117c       0x64 ./Core/Src/stm32f1xx_hal_msp.o
                0x0800117c                HAL_MspInit
 .text.HAL_TIM_Base_MspInit
                0x080011e0       0x70 ./Core/Src/stm32f1xx_hal_msp.o
                0x080011e0                HAL_TIM_Base_MspInit
 .text.NMI_Handler
                0x08001250        0x8 ./Core/Src/stm32f1xx_it.o
                0x08001250                NMI_Handler
 .text.HardFault_Handler
                0x08001258        0x8 ./Core/Src/stm32f1xx_it.o
                0x08001258                HardFault_Handler
 .text.MemManage_Handler
                0x08001260        0x8 ./Core/Src/stm32f1xx_it.o
                0x08001260                MemManage_Handler
 .text.BusFault_Handler
                0x08001268        0x8 ./Core/Src/stm32f1xx_it.o
                0x08001268                BusFault_Handler
 .text.UsageFault_Handler
                0x08001270        0x8 ./Core/Src/stm32f1xx_it.o
                0x08001270                UsageFault_Handler
 .text.SVC_Handler
                0x08001278        0xc ./Core/Src/stm32f1xx_it.o
                0x08001278                SVC_Handler
 .text.DebugMon_Handler
                0x08001284        0xc ./Core/Src/stm32f1xx_it.o
                0x08001284                DebugMon_Handler
 .text.PendSV_Handler
                0x08001290        0xc ./Core/Src/stm32f1xx_it.o
                0x08001290                PendSV_Handler
 .text.SysTick_Handler
                0x0800129c        0xc ./Core/Src/stm32f1xx_it.o
                0x0800129c                SysTick_Handler
 .text.USB_LP_CAN1_RX0_IRQHandler
                0x080012a8       0x14 ./Core/Src/stm32f1xx_it.o
                0x080012a8                USB_LP_CAN1_RX0_IRQHandler
 .text.TIM1_UP_IRQHandler
                0x080012bc       0x14 ./Core/Src/stm32f1xx_it.o
                0x080012bc                TIM1_UP_IRQHandler
 .text.SystemInit
                0x080012d0        0xc ./Core/Src/system_stm32f1xx.o
                0x080012d0                SystemInit
 .text.Reset_Handler
                0x080012dc       0x48 ./Core/Startup/startup_stm32f103c8tx.o
                0x080012dc                Reset_Handler
 .text.Default_Handler
                0x08001324        0x2 ./Core/Startup/startup_stm32f103c8tx.o
                0x08001324                RTC_Alarm_IRQHandler
                0x08001324                EXTI2_IRQHandler
                0x08001324                TIM1_CC_IRQHandler
                0x08001324                PVD_IRQHandler
                0x08001324                EXTI3_IRQHandler
                0x08001324                EXTI0_IRQHandler
                0x08001324                I2C2_EV_IRQHandler
                0x08001324                ADC1_2_IRQHandler
                0x08001324                SPI1_IRQHandler
                0x08001324                TAMPER_IRQHandler
                0x08001324                DMA1_Channel4_IRQHandler
                0x08001324                USART3_IRQHandler
                0x08001324                RTC_IRQHandler
                0x08001324                DMA1_Channel7_IRQHandler
                0x08001324                CAN1_RX1_IRQHandler
                0x08001324                TIM4_IRQHandler
                0x08001324                I2C1_EV_IRQHandler
                0x08001324                DMA1_Channel6_IRQHandler
                0x08001324                TIM3_IRQHandler
                0x08001324                RCC_IRQHandler
                0x08001324                TIM1_TRG_COM_IRQHandler
                0x08001324                DMA1_Channel1_IRQHandler
                0x08001324                Default_Handler
                0x08001324                EXTI15_10_IRQHandler
                0x08001324                EXTI9_5_IRQHandler
                0x08001324                SPI2_IRQHandler
                0x08001324                DMA1_Channel5_IRQHandler
                0x08001324                EXTI4_IRQHandler
                0x08001324                USB_HP_CAN1_TX_IRQHandler
                0x08001324                DMA1_Channel3_IRQHandler
                0x08001324                WWDG_IRQHandler
                0x08001324                TIM2_IRQHandler
                0x08001324                TIM1_BRK_IRQHandler
                0x08001324                EXTI1_IRQHandler
                0x08001324                USART2_IRQHandler
                0x08001324                I2C2_ER_IRQHandler
                0x08001324                DMA1_Channel2_IRQHandler
                0x08001324                CAN1_SCE_IRQHandler
                0x08001324                FLASH_IRQHandler
                0x08001324                USART1_IRQHandler
                0x08001324                I2C1_ER_IRQHandler
                0x08001324                USBWakeUp_IRQHandler
 *fill*         0x08001326        0x2 
 .text.HAL_Init
                0x08001328       0x2c ./Drivers/STM32F1xx_HAL_Driver/Src/stm32f1xx_hal.o
                0x08001328                HAL_Init
 .text.HAL_InitTick
                0x08001354       0x60 ./Drivers/STM32F1xx_HAL_Driver/Src/stm32f1xx_hal.o
                0x08001354                HAL_InitTick
 .text.HAL_IncTick
                0x080013b4       0x24 ./Drivers/STM32F1xx_HAL_Driver/Src/stm32f1xx_hal.o
                0x080013b4                HAL_IncTick
 .text.HAL_GetTick
                0x080013d8       0x14 ./Drivers/STM32F1xx_HAL_Driver/Src/stm32f1xx_hal.o
                0x080013d8                HAL_GetTick
 .text.HAL_Delay
                0x080013ec       0x48 ./Drivers/STM32F1xx_HAL_Driver/Src/stm32f1xx_hal.o
                0x080013ec                HAL_Delay
 .text.__NVIC_SetPriorityGrouping
                0x08001434       0x48 ./Drivers/STM32F1xx_HAL_Driver/Src/stm32f1xx_hal_cortex.o
 .text.__NVIC_GetPriorityGrouping
                0x0800147c       0x1c ./Drivers/STM32F1xx_HAL_Driver/Src/stm32f1xx_hal_cortex.o
 .text.__NVIC_EnableIRQ
                0x08001498       0x38 ./Drivers/STM32F1xx_HAL_Driver/Src/stm32f1xx_hal_cortex.o
 .text.__NVIC_SetPriority
                0x080014d0       0x54 ./Drivers/STM32F1xx_HAL_Driver/Src/stm32f1xx_hal_cortex.o
 .text.NVIC_EncodePriority
                0x08001524       0x64 ./Drivers/STM32F1xx_HAL_Driver/Src/stm32f1xx_hal_cortex.o
 .text.SysTick_Config
                0x08001588       0x44 ./Drivers/STM32F1xx_HAL_Driver/Src/stm32f1xx_hal_cortex.o
 .text.HAL_NVIC_SetPriorityGrouping
                0x080015cc       0x16 ./Drivers/STM32F1xx_HAL_Driver/Src/stm32f1xx_hal_cortex.o
                0x080015cc                HAL_NVIC_SetPriorityGrouping
 .text.HAL_NVIC_SetPriority
                0x080015e2       0x38 ./Drivers/STM32F1xx_HAL_Driver/Src/stm32f1xx_hal_cortex.o
                0x080015e2                HAL_NVIC_SetPriority
 .text.HAL_NVIC_EnableIRQ
                0x0800161a       0x1c ./Drivers/STM32F1xx_HAL_Driver/Src/stm32f1xx_hal_cortex.o
                0x0800161a                HAL_NVIC_EnableIRQ
 .text.HAL_SYSTICK_Config
                0x08001636       0x18 ./Drivers/STM32F1xx_HAL_Driver/Src/stm32f1xx_hal_cortex.o
                0x08001636                HAL_SYSTICK_Config
 *fill*         0x0800164e        0x2 
 .text.HAL_GPIO_Init
                0x08001650      0x308 ./Drivers/STM32F1xx_HAL_Driver/Src/stm32f1xx_hal_gpio.o
                0x08001650                HAL_GPIO_Init
 .text.HAL_GPIO_ReadPin
                0x08001958       0x2e ./Drivers/STM32F1xx_HAL_Driver/Src/stm32f1xx_hal_gpio.o
                0x08001958                HAL_GPIO_ReadPin
 .text.HAL_GPIO_WritePin
                0x08001986       0x30 ./Drivers/STM32F1xx_HAL_Driver/Src/stm32f1xx_hal_gpio.o
                0x08001986                HAL_GPIO_WritePin
 .text.HAL_PCD_Init
                0x080019b6      0x1ec ./Drivers/STM32F1xx_HAL_Driver/Src/stm32f1xx_hal_pcd.o
                0x080019b6                HAL_PCD_Init
 .text.HAL_PCD_Start
                0x08001ba2       0x4c ./Drivers/STM32F1xx_HAL_Driver/Src/stm32f1xx_hal_pcd.o
                0x08001ba2                HAL_PCD_Start
 .text.HAL_PCD_IRQHandler
                0x08001bee      0x260 ./Drivers/STM32F1xx_HAL_Driver/Src/stm32f1xx_hal_pcd.o
                0x08001bee                HAL_PCD_IRQHandler
 .text.HAL_PCD_SetAddress
                0x08001e4e       0x48 ./Drivers/STM32F1xx_HAL_Driver/Src/stm32f1xx_hal_pcd.o
                0x08001e4e                HAL_PCD_SetAddress
 .text.HAL_PCD_EP_Open
                0x08001e96       0xba ./Drivers/STM32F1xx_HAL_Driver/Src/stm32f1xx_hal_pcd.o
                0x08001e96                HAL_PCD_EP_Open
 .text.HAL_PCD_EP_Close
                0x08001f50       0x90 ./Drivers/STM32F1xx_HAL_Driver/Src/stm32f1xx_hal_pcd.o
                0x08001f50                HAL_PCD_EP_Close
 .text.HAL_PCD_EP_Receive
                0x08001fe0       0x62 ./Drivers/STM32F1xx_HAL_Driver/Src/stm32f1xx_hal_pcd.o
                0x08001fe0                HAL_PCD_EP_Receive
 .text.HAL_PCD_EP_GetRxCount
                0x08002042       0x2e ./Drivers/STM32F1xx_HAL_Driver/Src/stm32f1xx_hal_pcd.o
                0x08002042                HAL_PCD_EP_GetRxCount
 .text.HAL_PCD_EP_Transmit
                0x08002070       0x6e ./Drivers/STM32F1xx_HAL_Driver/Src/stm32f1xx_hal_pcd.o
                0x08002070                HAL_PCD_EP_Transmit
 .text.HAL_PCD_EP_SetStall
                0x080020de       0xc0 ./Drivers/STM32F1xx_HAL_Driver/Src/stm32f1xx_hal_pcd.o
                0x080020de                HAL_PCD_EP_SetStall
 .text.HAL_PCD_EP_ClrStall
                0x0800219e       0xa8 ./Drivers/STM32F1xx_HAL_Driver/Src/stm32f1xx_hal_pcd.o
                0x0800219e                HAL_PCD_EP_ClrStall
 .text.PCD_EP_ISR_Handler
                0x08002246      0x79e ./Drivers/STM32F1xx_HAL_Driver/Src/stm32f1xx_hal_pcd.o
 .text.HAL_PCD_EP_DB_Receive
                0x080029e4      0x21a ./Drivers/STM32F1xx_HAL_Driver/Src/stm32f1xx_hal_pcd.o
 .text.HAL_PCD_EP_DB_Transmit
                0x08002bfe      0x7f4 ./Drivers/STM32F1xx_HAL_Driver/Src/stm32f1xx_hal_pcd.o
 .text.HAL_PCDEx_PMAConfig
                0x080033f2       0x84 ./Drivers/STM32F1xx_HAL_Driver/Src/stm32f1xx_hal_pcd_ex.o
                0x080033f2                HAL_PCDEx_PMAConfig
 *fill*         0x08003476        0x2 
 .text.HAL_RCC_OscConfig
                0x08003478      0x504 ./Drivers/STM32F1xx_HAL_Driver/Src/stm32f1xx_hal_rcc.o
                0x08003478                HAL_RCC_OscConfig
 .text.HAL_RCC_ClockConfig
                0x0800397c      0x1d4 ./Drivers/STM32F1xx_HAL_Driver/Src/stm32f1xx_hal_rcc.o
                0x0800397c                HAL_RCC_ClockConfig
 .text.HAL_RCC_GetSysClockFreq
                0x08003b50       0xa8 ./Drivers/STM32F1xx_HAL_Driver/Src/stm32f1xx_hal_rcc.o
                0x08003b50                HAL_RCC_GetSysClockFreq
 .text.RCC_Delay
                0x08003bf8       0x3c ./Drivers/STM32F1xx_HAL_Driver/Src/stm32f1xx_hal_rcc.o
 .text.HAL_RCCEx_PeriphCLKConfig
                0x08003c34      0x16c ./Drivers/STM32F1xx_HAL_Driver/Src/stm32f1xx_hal_rcc_ex.o
                0x08003c34                HAL_RCCEx_PeriphCLKConfig
 .text.HAL_TIM_Base_Init
                0x08003da0       0x9e ./Drivers/STM32F1xx_HAL_Driver/Src/stm32f1xx_hal_tim.o
                0x08003da0                HAL_TIM_Base_Init
 *fill*         0x08003e3e        0x2 
 .text.HAL_TIM_Base_Start
                0x08003e40       0x94 ./Drivers/STM32F1xx_HAL_Driver/Src/stm32f1xx_hal_tim.o
                0x08003e40                HAL_TIM_Base_Start
 .text.HAL_TIM_Base_Stop
                0x08003ed4       0x4c ./Drivers/STM32F1xx_HAL_Driver/Src/stm32f1xx_hal_tim.o
                0x08003ed4                HAL_TIM_Base_Stop
 .text.HAL_TIM_Base_Start_IT
                0x08003f20       0xa4 ./Drivers/STM32F1xx_HAL_Driver/Src/stm32f1xx_hal_tim.o
                0x08003f20                HAL_TIM_Base_Start_IT
 .text.HAL_TIM_IRQHandler
                0x08003fc4      0x1e0 ./Drivers/STM32F1xx_HAL_Driver/Src/stm32f1xx_hal_tim.o
                0x08003fc4                HAL_TIM_IRQHandler
 .text.HAL_TIM_ConfigClockSource
                0x080041a4      0x18e ./Drivers/STM32F1xx_HAL_Driver/Src/stm32f1xx_hal_tim.o
                0x080041a4                HAL_TIM_ConfigClockSource
 .text.HAL_TIM_OC_DelayElapsedCallback
                0x08004332       0x12 ./Drivers/STM32F1xx_HAL_Driver/Src/stm32f1xx_hal_tim.o
                0x08004332                HAL_TIM_OC_DelayElapsedCallback
 .text.HAL_TIM_IC_CaptureCallback
                0x08004344       0x12 ./Drivers/STM32F1xx_HAL_Driver/Src/stm32f1xx_hal_tim.o
                0x08004344                HAL_TIM_IC_CaptureCallback
 .text.HAL_TIM_PWM_PulseFinishedCallback
                0x08004356       0x12 ./Drivers/STM32F1xx_HAL_Driver/Src/stm32f1xx_hal_tim.o
                0x08004356                HAL_TIM_PWM_PulseFinishedCallback
 .text.HAL_TIM_TriggerCallback
                0x08004368       0x12 ./Drivers/STM32F1xx_HAL_Driver/Src/stm32f1xx_hal_tim.o
                0x08004368                HAL_TIM_TriggerCallback
 *fill*         0x0800437a        0x2 
 .text.TIM_Base_SetConfig
                0x0800437c       0xdc ./Drivers/STM32F1xx_HAL_Driver/Src/stm32f1xx_hal_tim.o
                0x0800437c                TIM_Base_SetConfig
 .text.TIM_TI1_ConfigInputStage
                0x08004458       0x5c ./Drivers/STM32F1xx_HAL_Driver/Src/stm32f1xx_hal_tim.o
 .text.TIM_TI2_ConfigInputStage
                0x080044b4       0x5e ./Drivers/STM32F1xx_HAL_Driver/Src/stm32f1xx_hal_tim.o
 .text.TIM_ITRx_SetConfig
                0x08004512       0x34 ./Drivers/STM32F1xx_HAL_Driver/Src/stm32f1xx_hal_tim.o
 .text.TIM_ETR_SetConfig
                0x08004546       0x3e ./Drivers/STM32F1xx_HAL_Driver/Src/stm32f1xx_hal_tim.o
                0x08004546                TIM_ETR_SetConfig
 .text.HAL_TIMEx_MasterConfigSynchronization
                0x08004584       0xbc ./Drivers/STM32F1xx_HAL_Driver/Src/stm32f1xx_hal_tim_ex.o
                0x08004584                HAL_TIMEx_MasterConfigSynchronization
 .text.HAL_TIMEx_CommutCallback
                0x08004640       0x12 ./Drivers/STM32F1xx_HAL_Driver/Src/stm32f1xx_hal_tim_ex.o
                0x08004640                HAL_TIMEx_CommutCallback
 .text.HAL_TIMEx_BreakCallback
                0x08004652       0x12 ./Drivers/STM32F1xx_HAL_Driver/Src/stm32f1xx_hal_tim_ex.o
                0x08004652                HAL_TIMEx_BreakCallback
 .text.USB_CoreInit
                0x08004664       0x1a ./Drivers/STM32F1xx_HAL_Driver/Src/stm32f1xx_ll_usb.o
                0x08004664                USB_CoreInit
 .text.USB_EnableGlobalInt
                0x0800467e       0x2c ./Drivers/STM32F1xx_HAL_Driver/Src/stm32f1xx_ll_usb.o
                0x0800467e                USB_EnableGlobalInt
 .text.USB_DisableGlobalInt
                0x080046aa       0x34 ./Drivers/STM32F1xx_HAL_Driver/Src/stm32f1xx_ll_usb.o
                0x080046aa                USB_DisableGlobalInt
 .text.USB_SetCurrentMode
                0x080046de       0x18 ./Drivers/STM32F1xx_HAL_Driver/Src/stm32f1xx_ll_usb.o
                0x080046de                USB_SetCurrentMode
 .text.USB_DevInit
                0x080046f6       0x3a ./Drivers/STM32F1xx_HAL_Driver/Src/stm32f1xx_ll_usb.o
                0x080046f6                USB_DevInit
 .text.USB_ActivateEndpoint
                0x08004730      0x780 ./Drivers/STM32F1xx_HAL_Driver/Src/stm32f1xx_ll_usb.o
                0x08004730                USB_ActivateEndpoint
 .text.USB_DeactivateEndpoint
                0x08004eb0      0x3d8 ./Drivers/STM32F1xx_HAL_Driver/Src/stm32f1xx_ll_usb.o
                0x08004eb0                USB_DeactivateEndpoint
 .text.USB_EPStartXfer
                0x08005288     0x1762 ./Drivers/STM32F1xx_HAL_Driver/Src/stm32f1xx_ll_usb.o
                0x08005288                USB_EPStartXfer
 .text.USB_EPSetStall
                0x080069ea       0xa0 ./Drivers/STM32F1xx_HAL_Driver/Src/stm32f1xx_ll_usb.o
                0x080069ea                USB_EPSetStall
 .text.USB_EPClearStall
                0x08006a8a      0x15a ./Drivers/STM32F1xx_HAL_Driver/Src/stm32f1xx_ll_usb.o
                0x08006a8a                USB_EPClearStall
 .text.USB_SetDevAddress
                0x08006be4       0x26 ./Drivers/STM32F1xx_HAL_Driver/Src/stm32f1xx_ll_usb.o
                0x08006be4                USB_SetDevAddress
 .text.USB_DevConnect
                0x08006c0a       0x14 ./Drivers/STM32F1xx_HAL_Driver/Src/stm32f1xx_ll_usb.o
                0x08006c0a                USB_DevConnect
 .text.USB_DevDisconnect
                0x08006c1e       0x14 ./Drivers/STM32F1xx_HAL_Driver/Src/stm32f1xx_ll_usb.o
                0x08006c1e                USB_DevDisconnect
 .text.USB_ReadInterrupts
                0x08006c32       0x1e ./Drivers/STM32F1xx_HAL_Driver/Src/stm32f1xx_ll_usb.o
                0x08006c32                USB_ReadInterrupts
 .text.USB_EP0_OutStart
                0x08006c50       0x16 ./Drivers/STM32F1xx_HAL_Driver/Src/stm32f1xx_ll_usb.o
                0x08006c50                USB_EP0_OutStart
 .text.USB_WritePMA
                0x08006c66       0x8c ./Drivers/STM32F1xx_HAL_Driver/Src/stm32f1xx_ll_usb.o
                0x08006c66                USB_WritePMA
 .text.USB_ReadPMA
                0x08006cf2       0x9e ./Drivers/STM32F1xx_HAL_Driver/Src/stm32f1xx_ll_usb.o
                0x08006cf2                USB_ReadPMA
 .text.USBD_CDC_Init
                0x08006d90       0xf4 ./Middlewares/ST/STM32_USB_Device_Library/Class/CDC/Src/usbd_cdc.o
 .text.USBD_CDC_DeInit
                0x08006e84       0x6e ./Middlewares/ST/STM32_USB_Device_Library/Class/CDC/Src/usbd_cdc.o
 .text.USBD_CDC_Setup
                0x08006ef2      0x146 ./Middlewares/ST/STM32_USB_Device_Library/Class/CDC/Src/usbd_cdc.o
 .text.USBD_CDC_DataIn
                0x08007038       0xa6 ./Middlewares/ST/STM32_USB_Device_Library/Class/CDC/Src/usbd_cdc.o
 .text.USBD_CDC_DataOut
                0x080070de       0x56 ./Middlewares/ST/STM32_USB_Device_Library/Class/CDC/Src/usbd_cdc.o
 .text.USBD_CDC_EP0_RxReady
                0x08007134       0x4e ./Middlewares/ST/STM32_USB_Device_Library/Class/CDC/Src/usbd_cdc.o
 *fill*         0x08007182        0x2 
 .text.USBD_CDC_GetFSCfgDesc
                0x08007184       0x20 ./Middlewares/ST/STM32_USB_Device_Library/Class/CDC/Src/usbd_cdc.o
 .text.USBD_CDC_GetHSCfgDesc
                0x080071a4       0x20 ./Middlewares/ST/STM32_USB_Device_Library/Class/CDC/Src/usbd_cdc.o
 .text.USBD_CDC_GetOtherSpeedCfgDesc
                0x080071c4       0x20 ./Middlewares/ST/STM32_USB_Device_Library/Class/CDC/Src/usbd_cdc.o
 .text.USBD_CDC_GetDeviceQualifierDescriptor
                0x080071e4       0x20 ./Middlewares/ST/STM32_USB_Device_Library/Class/CDC/Src/usbd_cdc.o
                0x080071e4                USBD_CDC_GetDeviceQualifierDescriptor
 .text.USBD_CDC_RegisterInterface
                0x08007204       0x2c ./Middlewares/ST/STM32_USB_Device_Library/Class/CDC/Src/usbd_cdc.o
                0x08007204                USBD_CDC_RegisterInterface
 .text.USBD_CDC_SetTxBuffer
                0x08007230       0x32 ./Middlewares/ST/STM32_USB_Device_Library/Class/CDC/Src/usbd_cdc.o
                0x08007230                USBD_CDC_SetTxBuffer
 .text.USBD_CDC_SetRxBuffer
                0x08007262       0x26 ./Middlewares/ST/STM32_USB_Device_Library/Class/CDC/Src/usbd_cdc.o
                0x08007262                USBD_CDC_SetRxBuffer
 .text.USBD_CDC_TransmitPacket
                0x08007288       0x5e ./Middlewares/ST/STM32_USB_Device_Library/Class/CDC/Src/usbd_cdc.o
                0x08007288                USBD_CDC_TransmitPacket
 .text.USBD_CDC_ReceivePacket
                0x080072e6       0x54 ./Middlewares/ST/STM32_USB_Device_Library/Class/CDC/Src/usbd_cdc.o
                0x080072e6                USBD_CDC_ReceivePacket
 .text.USBD_Init
                0x0800733a       0x56 ./Middlewares/ST/STM32_USB_Device_Library/Core/Src/usbd_core.o
                0x0800733a                USBD_Init
 .text.USBD_RegisterClass
                0x08007390       0x32 ./Middlewares/ST/STM32_USB_Device_Library/Core/Src/usbd_core.o
                0x08007390                USBD_RegisterClass
 .text.USBD_Start
                0x080073c2       0x18 ./Middlewares/ST/STM32_USB_Device_Library/Core/Src/usbd_core.o
                0x080073c2                USBD_Start
 .text.USBD_RunTestMode
                0x080073da       0x14 ./Middlewares/ST/STM32_USB_Device_Library/Core/Src/usbd_core.o
                0x080073da                USBD_RunTestMode
 .text.USBD_SetClassConfig
                0x080073ee       0x3e ./Middlewares/ST/STM32_USB_Device_Library/Core/Src/usbd_core.o
                0x080073ee                USBD_SetClassConfig
 .text.USBD_ClrClassConfig
                0x0800742c       0x26 ./Middlewares/ST/STM32_USB_Device_Library/Core/Src/usbd_core.o
                0x0800742c                USBD_ClrClassConfig
 .text.USBD_LL_SetupStage
                0x08007452       0x9a ./Middlewares/ST/STM32_USB_Device_Library/Core/Src/usbd_core.o
                0x08007452                USBD_LL_SetupStage
 .text.USBD_LL_DataOutStage
                0x080074ec       0xe2 ./Middlewares/ST/STM32_USB_Device_Library/Core/Src/usbd_core.o
                0x080074ec                USBD_LL_DataOutStage
 .text.USBD_LL_DataInStage
                0x080075ce      0x14a ./Middlewares/ST/STM32_USB_Device_Library/Core/Src/usbd_core.o
                0x080075ce                USBD_LL_DataInStage
 .text.USBD_LL_Reset
                0x08007718       0x82 ./Middlewares/ST/STM32_USB_Device_Library/Core/Src/usbd_core.o
                0x08007718                USBD_LL_Reset
 .text.USBD_LL_SetSpeed
                0x0800779a       0x1e ./Middlewares/ST/STM32_USB_Device_Library/Core/Src/usbd_core.o
                0x0800779a                USBD_LL_SetSpeed
 .text.USBD_LL_Suspend
                0x080077b8       0x28 ./Middlewares/ST/STM32_USB_Device_Library/Core/Src/usbd_core.o
                0x080077b8                USBD_LL_Suspend
 .text.USBD_LL_Resume
                0x080077e0       0x2a ./Middlewares/ST/STM32_USB_Device_Library/Core/Src/usbd_core.o
                0x080077e0                USBD_LL_Resume
 .text.USBD_LL_SOF
                0x0800780a       0x34 ./Middlewares/ST/STM32_USB_Device_Library/Core/Src/usbd_core.o
                0x0800780a                USBD_LL_SOF
 *fill*         0x0800783e        0x2 
 .text.USBD_StdDevReq
                0x08007840       0xd4 ./Middlewares/ST/STM32_USB_Device_Library/Core/Src/usbd_ctlreq.o
                0x08007840                USBD_StdDevReq
 .text.USBD_StdItfReq
                0x08007914       0x90 ./Middlewares/ST/STM32_USB_Device_Library/Core/Src/usbd_ctlreq.o
                0x08007914                USBD_StdItfReq
 .text.USBD_StdEPReq
                0x080079a4      0x2c6 ./Middlewares/ST/STM32_USB_Device_Library/Core/Src/usbd_ctlreq.o
                0x080079a4                USBD_StdEPReq
 *fill*         0x08007c6a        0x2 
 .text.USBD_GetDescriptor
                0x08007c6c      0x2d0 ./Middlewares/ST/STM32_USB_Device_Library/Core/Src/usbd_ctlreq.o
 .text.USBD_SetAddress
                0x08007f3c       0x86 ./Middlewares/ST/STM32_USB_Device_Library/Core/Src/usbd_ctlreq.o
 *fill*         0x08007fc2        0x2 
 .text.USBD_SetConfig
                0x08007fc4      0x11c ./Middlewares/ST/STM32_USB_Device_Library/Core/Src/usbd_ctlreq.o
 .text.USBD_GetConfig
                0x080080e0       0x6a ./Middlewares/ST/STM32_USB_Device_Library/Core/Src/usbd_ctlreq.o
 .text.USBD_GetStatus
                0x0800814a       0x66 ./Middlewares/ST/STM32_USB_Device_Library/Core/Src/usbd_ctlreq.o
 .text.USBD_SetFeature
                0x080081b0       0x28 ./Middlewares/ST/STM32_USB_Device_Library/Core/Src/usbd_ctlreq.o
 .text.USBD_ClrFeature
                0x080081d8       0x42 ./Middlewares/ST/STM32_USB_Device_Library/Core/Src/usbd_ctlreq.o
 .text.USBD_ParseSetupRequest
                0x0800821a       0x72 ./Middlewares/ST/STM32_USB_Device_Library/Core/Src/usbd_ctlreq.o
                0x0800821a                USBD_ParseSetupRequest
 .text.USBD_CtlError
                0x0800828c       0x22 ./Middlewares/ST/STM32_USB_Device_Library/Core/Src/usbd_ctlreq.o
                0x0800828c                USBD_CtlError
 .text.USBD_GetString
                0x080082ae       0x84 ./Middlewares/ST/STM32_USB_Device_Library/Core/Src/usbd_ctlreq.o
                0x080082ae                USBD_GetString
 .text.USBD_GetLen
                0x08008332       0x2e ./Middlewares/ST/STM32_USB_Device_Library/Core/Src/usbd_ctlreq.o
 .text.USBD_CtlSendData
                0x08008360       0x38 ./Middlewares/ST/STM32_USB_Device_Library/Core/Src/usbd_ioreq.o
                0x08008360                USBD_CtlSendData
 .text.USBD_CtlContinueSendData
                0x08008398       0x24 ./Middlewares/ST/STM32_USB_Device_Library/Core/Src/usbd_ioreq.o
                0x08008398                USBD_CtlContinueSendData
 .text.USBD_CtlPrepareRx
                0x080083bc       0x3c ./Middlewares/ST/STM32_USB_Device_Library/Core/Src/usbd_ioreq.o
                0x080083bc                USBD_CtlPrepareRx
 .text.USBD_CtlContinueRx
                0x080083f8       0x24 ./Middlewares/ST/STM32_USB_Device_Library/Core/Src/usbd_ioreq.o
                0x080083f8                USBD_CtlContinueRx
 .text.USBD_CtlSendStatus
                0x0800841c       0x26 ./Middlewares/ST/STM32_USB_Device_Library/Core/Src/usbd_ioreq.o
                0x0800841c                USBD_CtlSendStatus
 .text.USBD_CtlReceiveStatus
                0x08008442       0x26 ./Middlewares/ST/STM32_USB_Device_Library/Core/Src/usbd_ioreq.o
                0x08008442                USBD_CtlReceiveStatus
 .text.MX_USB_DEVICE_Init
                0x08008468       0x60 ./USB_DEVICE/App/usb_device.o
                0x08008468                MX_USB_DEVICE_Init
 .text.CDC_Init_FS
                0x080084c8       0x28 ./USB_DEVICE/App/usbd_cdc_if.o
 .text.CDC_DeInit_FS
                0x080084f0        0xe ./USB_DEVICE/App/usbd_cdc_if.o
 *fill*         0x080084fe        0x2 
 .text.CDC_Control_FS
                0x08008500       0xbc ./USB_DEVICE/App/usbd_cdc_if.o
 .text.CDC_Receive_FS
                0x080085bc       0x28 ./USB_DEVICE/App/usbd_cdc_if.o
 .text.CDC_Transmit_FS
                0x080085e4       0x4c ./USB_DEVICE/App/usbd_cdc_if.o
                0x080085e4                CDC_Transmit_FS
 .text.USBD_FS_DeviceDescriptor
                0x08008630       0x24 ./USB_DEVICE/App/usbd_desc.o
                0x08008630                USBD_FS_DeviceDescriptor
 .text.USBD_FS_LangIDStrDescriptor
                0x08008654       0x24 ./USB_DEVICE/App/usbd_desc.o
                0x08008654                USBD_FS_LangIDStrDescriptor
 .text.USBD_FS_ProductStrDescriptor
                0x08008678       0x3c ./USB_DEVICE/App/usbd_desc.o
                0x08008678                USBD_FS_ProductStrDescriptor
 .text.USBD_FS_ManufacturerStrDescriptor
                0x080086b4       0x28 ./USB_DEVICE/App/usbd_desc.o
                0x080086b4                USBD_FS_ManufacturerStrDescriptor
 .text.USBD_FS_SerialStrDescriptor
                0x080086dc       0x24 ./USB_DEVICE/App/usbd_desc.o
                0x080086dc                USBD_FS_SerialStrDescriptor
 .text.USBD_FS_ConfigStrDescriptor
                0x08008700       0x3c ./USB_DEVICE/App/usbd_desc.o
                0x08008700                USBD_FS_ConfigStrDescriptor
 .text.USBD_FS_InterfaceStrDescriptor
                0x0800873c       0x3c ./USB_DEVICE/App/usbd_desc.o
                0x0800873c                USBD_FS_InterfaceStrDescriptor
 .text.Get_SerialNum
                0x08008778       0x58 ./USB_DEVICE/App/usbd_desc.o
 .text.IntToUnicode
                0x080087d0       0x7c ./USB_DEVICE/App/usbd_desc.o
 .text.HAL_PCD_MspInit
                0x0800884c       0x4c ./USB_DEVICE/Target/usbd_conf.o
                0x0800884c                HAL_PCD_MspInit
 .text.HAL_PCD_SetupStageCallback
                0x08008898       0x24 ./USB_DEVICE/Target/usbd_conf.o
                0x08008898                HAL_PCD_SetupStageCallback
 .text.HAL_PCD_DataOutStageCallback
                0x080088bc       0x36 ./USB_DEVICE/Target/usbd_conf.o
                0x080088bc                HAL_PCD_DataOutStageCallback
 .text.HAL_PCD_DataInStageCallback
                0x080088f2       0x34 ./USB_DEVICE/Target/usbd_conf.o
                0x080088f2                HAL_PCD_DataInStageCallback
 .text.HAL_PCD_SOFCallback
                0x08008926       0x1c ./USB_DEVICE/Target/usbd_conf.o
                0x08008926                HAL_PCD_SOFCallback
 .text.HAL_PCD_ResetCallback
                0x08008942       0x3c ./USB_DEVICE/Target/usbd_conf.o
                0x08008942                HAL_PCD_ResetCallback
 *fill*         0x0800897e        0x2 
 .text.HAL_PCD_SuspendCallback
                0x08008980       0x34 ./USB_DEVICE/Target/usbd_conf.o
                0x08008980                HAL_PCD_SuspendCallback
 .text.HAL_PCD_ResumeCallback
                0x080089b4       0x1c ./USB_DEVICE/Target/usbd_conf.o
                0x080089b4                HAL_PCD_ResumeCallback
 .text.USBD_LL_Init
                0x080089d0       0xb4 ./USB_DEVICE/Target/usbd_conf.o
                0x080089d0                USBD_LL_Init
 .text.USBD_LL_Start
                0x08008a84       0x36 ./USB_DEVICE/Target/usbd_conf.o
                0x08008a84                USBD_LL_Start
 .text.USBD_LL_OpenEP
                0x08008aba       0x4c ./USB_DEVICE/Target/usbd_conf.o
                0x08008aba                USBD_LL_OpenEP
 .text.USBD_LL_CloseEP
                0x08008b06       0x3e ./USB_DEVICE/Target/usbd_conf.o
                0x08008b06                USBD_LL_CloseEP
 .text.USBD_LL_StallEP
                0x08008b44       0x3e ./USB_DEVICE/Target/usbd_conf.o
                0x08008b44                USBD_LL_StallEP
 .text.USBD_LL_ClearStallEP
                0x08008b82       0x3e ./USB_DEVICE/Target/usbd_conf.o
                0x08008b82                USBD_LL_ClearStallEP
 .text.USBD_LL_IsStallEP
                0x08008bc0       0x56 ./USB_DEVICE/Target/usbd_conf.o
                0x08008bc0                USBD_LL_IsStallEP
 .text.USBD_LL_SetUSBAddress
                0x08008c16       0x3e ./USB_DEVICE/Target/usbd_conf.o
                0x08008c16                USBD_LL_SetUSBAddress
 .text.USBD_LL_Transmit
                0x08008c54       0x46 ./USB_DEVICE/Target/usbd_conf.o
                0x08008c54                USBD_LL_Transmit
 .text.USBD_LL_PrepareReceive
                0x08008c9a       0x46 ./USB_DEVICE/Target/usbd_conf.o
                0x08008c9a                USBD_LL_PrepareReceive
 .text.USBD_LL_GetRxDataSize
                0x08008ce0       0x26 ./USB_DEVICE/Target/usbd_conf.o
                0x08008ce0                USBD_LL_GetRxDataSize
 *fill*         0x08008d06        0x2 
 .text.USBD_static_malloc
                0x08008d08       0x18 ./USB_DEVICE/Target/usbd_conf.o
                0x08008d08                USBD_static_malloc
 .text.USBD_static_free
                0x08008d20       0x12 ./USB_DEVICE/Target/usbd_conf.o
                0x08008d20                USBD_static_free
 .text.HAL_PCDEx_SetConnectionState
                0x08008d32       0x16 ./USB_DEVICE/Target/usbd_conf.o
                0x08008d32                HAL_PCDEx_SetConnectionState
 .text.USBD_Get_USB_Status
                0x08008d48       0x58 ./USB_DEVICE/Target/usbd_conf.o
 .text.memset   0x08008da0       0x10 /opt/st/stm32cubeide_1.18.1/plugins/com.st.stm32cube.ide.mcu.externaltools.gnu-tools-for-stm32.13.3.rel1.linux64_1.0.0.202410170706/tools/bin/../lib/gcc/arm-none-eabi/13.3.1/../../../../arm-none-eabi/lib/thumb/v7-m/nofp/libc_nano.a(libc_a-memset.o)
                0x08008da0                memset
 .text.__libc_init_array
                0x08008db0       0x48 /opt/st/stm32cubeide_1.18.1/plugins/com.st.stm32cube.ide.mcu.externaltools.gnu-tools-for-stm32.13.3.rel1.linux64_1.0.0.202410170706/tools/bin/../lib/gcc/arm-none-eabi/13.3.1/../../../../arm-none-eabi/lib/thumb/v7-m/nofp/libc_nano.a(libc_a-init.o)
                0x08008db0                __libc_init_array
 *(.glue_7)
 .glue_7        0x08008df8        0x0 linker stubs
 *(.glue_7t)
 .glue_7t       0x08008df8        0x0 linker stubs
 *(.eh_frame)
 .eh_frame      0x08008df8        0x0 /opt/st/stm32cubeide_1.18.1/plugins/com.st.stm32cube.ide.mcu.externaltools.gnu-tools-for-stm32.13.3.rel1.linux64_1.0.0.202410170706/tools/bin/../lib/gcc/arm-none-eabi/13.3.1/thumb/v7-m/nofp/crtbegin.o
 *(.init)
 .init          0x08008df8        0x4 /opt/st/stm32cubeide_1.18.1/plugins/com.st.stm32cube.ide.mcu.externaltools.gnu-tools-for-stm32.13.3.rel1.linux64_1.0.0.202410170706/tools/bin/../lib/gcc/arm-none-eabi/13.3.1/thumb/v7-m/nofp/crti.o
                0x08008df8                _init
 .init          0x08008dfc        0x8 /opt/st/stm32cubeide_1.18.1/plugins/com.st.stm32cube.ide.mcu.externaltools.gnu-tools-for-stm32.13.3.rel1.linux64_1.0.0.202410170706/tools/bin/../lib/gcc/arm-none-eabi/13.3.1/thumb/v7-m/nofp/crtn.o
 *(.fini)
 .fini          0x08008e04        0x4 /opt/st/stm32cubeide_1.18.1/plugins/com.st.stm32cube.ide.mcu.externaltools.gnu-tools-for-stm32.13.3.rel1.linux64_1.0.0.202410170706/tools/bin/../lib/gcc/arm-none-eabi/13.3.1/thumb/v7-m/nofp/crti.o
                0x08008e04                _fini
 .fini          0x08008e08        0x8 /opt/st/stm32cubeide_1.18.1/plugins/com.st.stm32cube.ide.mcu.externaltools.gnu-tools-for-stm32.13.3.rel1.linux64_1.0.0.202410170706/tools/bin/../lib/gcc/arm-none-eabi/13.3.1/thumb/v7-m/nofp/crtn.o
                0x08008e10                        . = ALIGN (0x4)
                0x08008e10                        _etext = .

.vfp11_veneer   0x08008e10        0x0
 .vfp11_veneer  0x08008e10        0x0 linker stubs

.v4_bx          0x08008e10        0x0
 .v4_bx         0x08008e10        0x0 linker stubs

.iplt           0x08008e10        0x0
 .iplt          0x08008e10        0x0 /opt/st/stm32cubeide_1.18.1/plugins/com.st.stm32cube.ide.mcu.externaltools.gnu-tools-for-stm32.13.3.rel1.linux64_1.0.0.202410170706/tools/bin/../lib/gcc/arm-none-eabi/13.3.1/thumb/v7-m/nofp/crtbegin.o

.rodata         0x08008e10       0x6c
                0x08008e10                        . = ALIGN (0x4)
 *(.rodata)
 .rodata        0x08008e10       0x46 ./USB_DEVICE/App/usbd_desc.o
 *(.rodata*)
 *fill*         0x08008e56        0x2 
 .rodata.AHBPrescTable
                0x08008e58       0x10 ./Core/Src/system_stm32f1xx.o
                0x08008e58                AHBPrescTable
 .rodata.aPLLMULFactorTable.1
                0x08008e68       0x10 ./Drivers/STM32F1xx_HAL_Driver/Src/stm32f1xx_hal_rcc.o
 .rodata.aPredivFactorTable.0
                0x08008e78        0x2 ./Drivers/STM32F1xx_HAL_Driver/Src/stm32f1xx_hal_rcc.o
                0x08008e7c                        . = ALIGN (0x4)
 *fill*         0x08008e7a        0x2 

.ARM.extab      0x08008e7c        0x0
                0x08008e7c                        . = ALIGN (0x4)
 *(.ARM.extab* .gnu.linkonce.armextab.*)
                0x08008e7c                        . = ALIGN (0x4)

.ARM            0x08008e7c        0x8
                0x08008e7c                        . = ALIGN (0x4)
                0x08008e7c                        __exidx_start = .
 *(.ARM.exidx*)
 .ARM.exidx     0x08008e7c        0x8 /opt/st/stm32cubeide_1.18.1/plugins/com.st.stm32cube.ide.mcu.externaltools.gnu-tools-for-stm32.13.3.rel1.linux64_1.0.0.202410170706/tools/bin/../lib/gcc/arm-none-eabi/13.3.1/thumb/v7-m/nofp/libgcc.a(_udivmoddi4.o)
                0x08008e84                        __exidx_end = .
                0x08008e84                        . = ALIGN (0x4)

.preinit_array  0x08008e84        0x0
                0x08008e84                        . = ALIGN (0x4)
                0x08008e84                        PROVIDE (__preinit_array_start = .)
 *(.preinit_array*)
                0x08008e84                        PROVIDE (__preinit_array_end = .)
                0x08008e84                        . = ALIGN (0x4)

.init_array     0x08008e84        0x4
                0x08008e84                        . = ALIGN (0x4)
                0x08008e84                        PROVIDE (__init_array_start = .)
 *(SORT_BY_NAME(.init_array.*))
 *(.init_array*)
 .init_array    0x08008e84        0x4 /opt/st/stm32cubeide_1.18.1/plugins/com.st.stm32cube.ide.mcu.externaltools.gnu-tools-for-stm32.13.3.rel1.linux64_1.0.0.202410170706/tools/bin/../lib/gcc/arm-none-eabi/13.3.1/thumb/v7-m/nofp/crtbegin.o
                0x08008e88                        PROVIDE (__init_array_end = .)
                0x08008e88                        . = ALIGN (0x4)

.fini_array     0x08008e88        0x4
                0x08008e88                        . = ALIGN (0x4)
                [!provide]                        PROVIDE (__fini_array_start = .)
 *(SORT_BY_NAME(.fini_array.*))
 *(.fini_array*)
 .fini_array    0x08008e88        0x4 /opt/st/stm32cubeide_1.18.1/plugins/com.st.stm32cube.ide.mcu.externaltools.gnu-tools-for-stm32.13.3.rel1.linux64_1.0.0.202410170706/tools/bin/../lib/gcc/arm-none-eabi/13.3.1/thumb/v7-m/nofp/crtbegin.o
                [!provide]                        PROVIDE (__fini_array_end = .)
                0x08008e8c                        . = ALIGN (0x4)
                0x08008e8c                        _sidata = LOADADDR (.data)

.rel.dyn        0x08008e8c        0x0
 .rel.iplt      0x08008e8c        0x0 /opt/st/stm32cubeide_1.18.1/plugins/com.st.stm32cube.ide.mcu.externaltools.gnu-tools-for-stm32.13.3.rel1.linux64_1.0.0.202410170706/tools/bin/../lib/gcc/arm-none-eabi/13.3.1/thumb/v7-m/nofp/crtbegin.o

.data           0x20000000      0x17c load address 0x08008e8c
                0x20000000                        . = ALIGN (0x4)
                0x20000000                        _sdata = .
 *(.data)
 *(.data*)
 .data.SystemCoreClock
                0x20000000        0x4 ./Core/Src/system_stm32f1xx.o
                0x20000000                SystemCoreClock
 .data.uwTickPrio
                0x20000004        0x4 ./Drivers/STM32F1xx_HAL_Driver/Src/stm32f1xx_hal.o
                0x20000004                uwTickPrio
 .data.uwTickFreq
                0x20000008        0x1 ./Drivers/STM32F1xx_HAL_Driver/Src/stm32f1xx_hal.o
                0x20000008                uwTickFreq
 *fill*         0x20000009        0x3 
 .data.USBD_CDC_DeviceQualifierDesc
                0x2000000c        0xa ./Middlewares/ST/STM32_USB_Device_Library/Class/CDC/Src/usbd_cdc.o
 *fill*         0x20000016        0x2 
 .data.USBD_CDC
                0x20000018       0x38 ./Middlewares/ST/STM32_USB_Device_Library/Class/CDC/Src/usbd_cdc.o
                0x20000018                USBD_CDC
 .data.USBD_CDC_CfgHSDesc
                0x20000050       0x43 ./Middlewares/ST/STM32_USB_Device_Library/Class/CDC/Src/usbd_cdc.o
                0x20000050                USBD_CDC_CfgHSDesc
 *fill*         0x20000093        0x1 
 .data.USBD_CDC_CfgFSDesc
                0x20000094       0x43 ./Middlewares/ST/STM32_USB_Device_Library/Class/CDC/Src/usbd_cdc.o
                0x20000094                USBD_CDC_CfgFSDesc
 *fill*         0x200000d7        0x1 
 .data.USBD_CDC_OtherSpeedCfgDesc
                0x200000d8       0x43 ./Middlewares/ST/STM32_USB_Device_Library/Class/CDC/Src/usbd_cdc.o
                0x200000d8                USBD_CDC_OtherSpeedCfgDesc
 *fill*         0x2000011b        0x1 
 .data.USBD_Interface_fops_FS
                0x2000011c       0x10 ./USB_DEVICE/App/usbd_cdc_if.o
                0x2000011c                USBD_Interface_fops_FS
 .data.FS_Desc  0x2000012c       0x1c ./USB_DEVICE/App/usbd_desc.o
                0x2000012c                FS_Desc
 .data.USBD_FS_DeviceDesc
                0x20000148       0x12 ./USB_DEVICE/App/usbd_desc.o
                0x20000148                USBD_FS_DeviceDesc
 *fill*         0x2000015a        0x2 
 .data.USBD_LangIDDesc
                0x2000015c        0x4 ./USB_DEVICE/App/usbd_desc.o
                0x2000015c                USBD_LangIDDesc
 .data.USBD_StringSerial
                0x20000160       0x1a ./USB_DEVICE/App/usbd_desc.o
                0x20000160                USBD_StringSerial
 *(.RamFunc)
 *(.RamFunc*)
                0x2000017c                        . = ALIGN (0x4)
 *fill*         0x2000017a        0x2 
                0x2000017c                        _edata = .

.igot.plt       0x2000017c        0x0 load address 0x08009008
 .igot.plt      0x2000017c        0x0 /opt/st/stm32cubeide_1.18.1/plugins/com.st.stm32cube.ide.mcu.externaltools.gnu-tools-for-stm32.13.3.rel1.linux64_1.0.0.202410170706/tools/bin/../lib/gcc/arm-none-eabi/13.3.1/thumb/v7-m/nofp/crtbegin.o
                0x2000017c                        . = ALIGN (0x4)

.bss            0x2000017c     0x129c load address 0x08009008
                0x2000017c                        _sbss = .
                0x2000017c                        __bss_start__ = _sbss
 *(.bss)
 .bss           0x2000017c       0x1c /opt/st/stm32cubeide_1.18.1/plugins/com.st.stm32cube.ide.mcu.externaltools.gnu-tools-for-stm32.13.3.rel1.linux64_1.0.0.202410170706/tools/bin/../lib/gcc/arm-none-eabi/13.3.1/thumb/v7-m/nofp/crtbegin.o
 *(.bss*)
 .bss.htim1     0x20000198       0x48 ./Core/Src/main.o
                0x20000198                htim1
 .bss.htim2     0x200001e0       0x48 ./Core/Src/main.o
                0x200001e0                htim2
 .bss.currentEncoderState
                0x20000228        0x1 ./Core/Src/main.o
                0x20000228                currentEncoderState
 .bss.previousEncoderState
                0x20000229        0x1 ./Core/Src/main.o
                0x20000229                previousEncoderState
 .bss.encoderPulses
                0x2000022a        0x1 ./Core/Src/main.o
                0x2000022a                encoderPulses
 *fill*         0x2000022b        0x1 
 .bss.icCount   0x2000022c        0x2 ./Core/Src/main.o
                0x2000022c                icCount
 *fill*         0x2000022e        0x2 
 .bss.rpm       0x20000230        0x4 ./Core/Src/main.o
                0x20000230                rpm
 .bss.rotationPerSecond
                0x20000234        0x4 ./Core/Src/main.o
                0x20000234                rotationPerSecond
 .bss.loadcell  0x20000238       0x18 ./Core/Src/main.o
                0x20000238                loadcell
 .bss.weight    0x20000250        0x4 ./Core/Src/main.o
                0x20000250                weight
 .bss.uwTick    0x20000254        0x4 ./Drivers/STM32F1xx_HAL_Driver/Src/stm32f1xx_hal.o
                0x20000254                uwTick
 .bss.cfgidx.0  0x20000258        0x1 ./Middlewares/ST/STM32_USB_Device_Library/Core/Src/usbd_ctlreq.o
 *fill*         0x20000259        0x3 
 .bss.hUsbDeviceFS
                0x2000025c      0x2c4 ./USB_DEVICE/App/usb_device.o
                0x2000025c                hUsbDeviceFS
 .bss.UserRxBufferFS
                0x20000520      0x400 ./USB_DEVICE/App/usbd_cdc_if.o
                0x20000520                UserRxBufferFS
 .bss.UserTxBufferFS
                0x20000920      0x400 ./USB_DEVICE/App/usbd_cdc_if.o
                0x20000920                UserTxBufferFS
 .bss.USBD_StrDesc
                0x20000d20      0x200 ./USB_DEVICE/App/usbd_desc.o
                0x20000d20                USBD_StrDesc
 .bss.hpcd_USB_FS
                0x20000f20      0x2d8 ./USB_DEVICE/Target/usbd_conf.o
                0x20000f20                hpcd_USB_FS
 .bss.mem.0     0x200011f8      0x220 ./USB_DEVICE/Target/usbd_conf.o
 *(COMMON)
                0x20001418                        . = ALIGN (0x4)
                0x20001418                        _ebss = .
                0x20001418                        __bss_end__ = _ebss

._user_heap_stack
                0x20001418      0x600 load address 0x08009008
                0x20001418                        . = ALIGN (0x8)
                [!provide]                        PROVIDE (end = .)
                0x20001418                        PROVIDE (_end = .)
                0x20001618                        . = (. + _Min_Heap_Size)
 *fill*         0x20001418      0x200 
                0x20001a18                        . = (. + _Min_Stack_Size)
 *fill*         0x20001618      0x400 
                0x20001a18                        . = ALIGN (0x8)

/DISCARD/
 libc.a(*)
 libm.a(*)
 libgcc.a(*)

.ARM.attributes
                0x00000000       0x29
 *(.ARM.attributes)
 .ARM.attributes
                0x00000000       0x1d /opt/st/stm32cubeide_1.18.1/plugins/com.st.stm32cube.ide.mcu.externaltools.gnu-tools-for-stm32.13.3.rel1.linux64_1.0.0.202410170706/tools/bin/../lib/gcc/arm-none-eabi/13.3.1/thumb/v7-m/nofp/crti.o
 .ARM.attributes
                0x0000001d       0x2d /opt/st/stm32cubeide_1.18.1/plugins/com.st.stm32cube.ide.mcu.externaltools.gnu-tools-for-stm32.13.3.rel1.linux64_1.0.0.202410170706/tools/bin/../lib/gcc/arm-none-eabi/13.3.1/thumb/v7-m/nofp/crtbegin.o
 .ARM.attributes
                0x0000004a       0x2d ./Core/Src/hx711.o
 .ARM.attributes
                0x00000077       0x2d ./Core/Src/main.o
 .ARM.attributes
                0x000000a4       0x2d ./Core/Src/stm32f1xx_hal_msp.o
 .ARM.attributes
                0x000000d1       0x2d ./Core/Src/stm32f1xx_it.o
 .ARM.attributes
                0x000000fe       0x2d ./Core/Src/system_stm32f1xx.o
 .ARM.attributes
                0x0000012b       0x21 ./Core/Startup/startup_stm32f103c8tx.o
 .ARM.attributes
                0x0000014c       0x2d ./Drivers/STM32F1xx_HAL_Driver/Src/stm32f1xx_hal.o
 .ARM.attributes
                0x00000179       0x2d ./Drivers/STM32F1xx_HAL_Driver/Src/stm32f1xx_hal_cortex.o
 .ARM.attributes
                0x000001a6       0x2d ./Drivers/STM32F1xx_HAL_Driver/Src/stm32f1xx_hal_gpio.o
 .ARM.attributes
                0x000001d3       0x2d ./Drivers/STM32F1xx_HAL_Driver/Src/stm32f1xx_hal_pcd.o
 .ARM.attributes
                0x00000200       0x2d ./Drivers/STM32F1xx_HAL_Driver/Src/stm32f1xx_hal_pcd_ex.o
 .ARM.attributes
                0x0000022d       0x2d ./Drivers/STM32F1xx_HAL_Driver/Src/stm32f1xx_hal_rcc.o
 .ARM.attributes
                0x0000025a       0x2d ./Drivers/STM32F1xx_HAL_Driver/Src/stm32f1xx_hal_rcc_ex.o
 .ARM.attributes
                0x00000287       0x2d ./Drivers/STM32F1xx_HAL_Driver/Src/stm32f1xx_hal_tim.o
 .ARM.attributes
                0x000002b4       0x2d ./Drivers/STM32F1xx_HAL_Driver/Src/stm32f1xx_hal_tim_ex.o
 .ARM.attributes
                0x000002e1       0x2d ./Drivers/STM32F1xx_HAL_Driver/Src/stm32f1xx_ll_usb.o
 .ARM.attributes
                0x0000030e       0x2d ./Middlewares/ST/STM32_USB_Device_Library/Class/CDC/Src/usbd_cdc.o
 .ARM.attributes
                0x0000033b       0x2d ./Middlewares/ST/STM32_USB_Device_Library/Core/Src/usbd_core.o
 .ARM.attributes
                0x00000368       0x2d ./Middlewares/ST/STM32_USB_Device_Library/Core/Src/usbd_ctlreq.o
 .ARM.attributes
                0x00000395       0x2d ./Middlewares/ST/STM32_USB_Device_Library/Core/Src/usbd_ioreq.o
 .ARM.attributes
                0x000003c2       0x2d ./USB_DEVICE/App/usb_device.o
 .ARM.attributes
                0x000003ef       0x2d ./USB_DEVICE/App/usbd_cdc_if.o
 .ARM.attributes
                0x0000041c       0x2d ./USB_DEVICE/App/usbd_desc.o
 .ARM.attributes
                0x00000449       0x2d ./USB_DEVICE/Target/usbd_conf.o
 .ARM.attributes
                0x00000476       0x2d /opt/st/stm32cubeide_1.18.1/plugins/com.st.stm32cube.ide.mcu.externaltools.gnu-tools-for-stm32.13.3.rel1.linux64_1.0.0.202410170706/tools/bin/../lib/gcc/arm-none-eabi/13.3.1/../../../../arm-none-eabi/lib/thumb/v7-m/nofp/libc_nano.a(libc_a-memset.o)
 .ARM.attributes
                0x000004a3       0x2d /opt/st/stm32cubeide_1.18.1/plugins/com.st.stm32cube.ide.mcu.externaltools.gnu-tools-for-stm32.13.3.rel1.linux64_1.0.0.202410170706/tools/bin/../lib/gcc/arm-none-eabi/13.3.1/../../../../arm-none-eabi/lib/thumb/v7-m/nofp/libc_nano.a(libc_a-init.o)
 .ARM.attributes
                0x000004d0       0x1d /opt/st/stm32cubeide_1.18.1/plugins/com.st.stm32cube.ide.mcu.externaltools.gnu-tools-for-stm32.13.3.rel1.linux64_1.0.0.202410170706/tools/bin/../lib/gcc/arm-none-eabi/13.3.1/thumb/v7-m/nofp/libgcc.a(_arm_addsubsf3.o)
 .ARM.attributes
                0x000004ed       0x1d /opt/st/stm32cubeide_1.18.1/plugins/com.st.stm32cube.ide.mcu.externaltools.gnu-tools-for-stm32.13.3.rel1.linux64_1.0.0.202410170706/tools/bin/../lib/gcc/arm-none-eabi/13.3.1/thumb/v7-m/nofp/libgcc.a(_arm_muldivsf3.o)
 .ARM.attributes
                0x0000050a       0x1d /opt/st/stm32cubeide_1.18.1/plugins/com.st.stm32cube.ide.mcu.externaltools.gnu-tools-for-stm32.13.3.rel1.linux64_1.0.0.202410170706/tools/bin/../lib/gcc/arm-none-eabi/13.3.1/thumb/v7-m/nofp/libgcc.a(_aeabi_ldivmod.o)
 .ARM.attributes
                0x00000527       0x2d /opt/st/stm32cubeide_1.18.1/plugins/com.st.stm32cube.ide.mcu.externaltools.gnu-tools-for-stm32.13.3.rel1.linux64_1.0.0.202410170706/tools/bin/../lib/gcc/arm-none-eabi/13.3.1/thumb/v7-m/nofp/libgcc.a(_udivmoddi4.o)
 .ARM.attributes
                0x00000554       0x1d /opt/st/stm32cubeide_1.18.1/plugins/com.st.stm32cube.ide.mcu.externaltools.gnu-tools-for-stm32.13.3.rel1.linux64_1.0.0.202410170706/tools/bin/../lib/gcc/arm-none-eabi/13.3.1/thumb/v7-m/nofp/libgcc.a(_dvmd_tls.o)
 .ARM.attributes
                0x00000571       0x1d /opt/st/stm32cubeide_1.18.1/plugins/com.st.stm32cube.ide.mcu.externaltools.gnu-tools-for-stm32.13.3.rel1.linux64_1.0.0.202410170706/tools/bin/../lib/gcc/arm-none-eabi/13.3.1/thumb/v7-m/nofp/crtn.o
OUTPUT(dinamometro.elf elf32-littlearm)
LOAD linker stubs
LOAD /opt/st/stm32cubeide_1.18.1/plugins/com.st.stm32cube.ide.mcu.externaltools.gnu-tools-for-stm32.13.3.rel1.linux64_1.0.0.202410170706/tools/bin/../lib/gcc/arm-none-eabi/13.3.1/../../../../arm-none-eabi/lib/thumb/v7-m/nofp/libc.a
LOAD /opt/st/stm32cubeide_1.18.1/plugins/com.st.stm32cube.ide.mcu.externaltools.gnu-tools-for-stm32.13.3.rel1.linux64_1.0.0.202410170706/tools/bin/../lib/gcc/arm-none-eabi/13.3.1/../../../../arm-none-eabi/lib/thumb/v7-m/nofp/libm.a
LOAD /opt/st/stm32cubeide_1.18.1/plugins/com.st.stm32cube.ide.mcu.externaltools.gnu-tools-for-stm32.13.3.rel1.linux64_1.0.0.202410170706/tools/bin/../lib/gcc/arm-none-eabi/13.3.1/thumb/v7-m/nofp/libgcc.a

.debug_info     0x00000000    0x11d43
 .debug_info    0x00000000      0xbe9 ./Core/Src/hx711.o
 .debug_info    0x00000be9      0xf06 ./Core/Src/main.o
 .debug_info    0x00001aef      0x954 ./Core/Src/stm32f1xx_hal_msp.o
 .debug_info    0x00002443      0xb7a ./Core/Src/stm32f1xx_it.o
 .debug_info    0x00002fbd      0x222 ./Core/Src/system_stm32f1xx.o
 .debug_info    0x000031df       0x30 ./Core/Startup/startup_stm32f103c8tx.o
 .debug_info    0x0000320f      0x704 ./Drivers/STM32F1xx_HAL_Driver/Src/stm32f1xx_hal.o
 .debug_info    0x00003913      0xa87 ./Drivers/STM32F1xx_HAL_Driver/Src/stm32f1xx_hal_cortex.o
 .debug_info    0x0000439a      0x5ab ./Drivers/STM32F1xx_HAL_Driver/Src/stm32f1xx_hal_gpio.o
 .debug_info    0x00004945     0x16dc ./Drivers/STM32F1xx_HAL_Driver/Src/stm32f1xx_hal_pcd.o
 .debug_info    0x00006021      0x6c3 ./Drivers/STM32F1xx_HAL_Driver/Src/stm32f1xx_hal_pcd_ex.o
 .debug_info    0x000066e4      0x7d5 ./Drivers/STM32F1xx_HAL_Driver/Src/stm32f1xx_hal_rcc.o
 .debug_info    0x00006eb9      0x3c0 ./Drivers/STM32F1xx_HAL_Driver/Src/stm32f1xx_hal_rcc_ex.o
 .debug_info    0x00007279     0x2959 ./Drivers/STM32F1xx_HAL_Driver/Src/stm32f1xx_hal_tim.o
 .debug_info    0x00009bd2     0x149b ./Drivers/STM32F1xx_HAL_Driver/Src/stm32f1xx_hal_tim_ex.o
 .debug_info    0x0000b06d     0x17ae ./Drivers/STM32F1xx_HAL_Driver/Src/stm32f1xx_ll_usb.o
 .debug_info    0x0000c81b     0x1043 ./Middlewares/ST/STM32_USB_Device_Library/Class/CDC/Src/usbd_cdc.o
 .debug_info    0x0000d85e      0xa52 ./Middlewares/ST/STM32_USB_Device_Library/Core/Src/usbd_core.o
 .debug_info    0x0000e2b0      0x91c ./Middlewares/ST/STM32_USB_Device_Library/Core/Src/usbd_ctlreq.o
 .debug_info    0x0000ebcc      0x6a0 ./Middlewares/ST/STM32_USB_Device_Library/Core/Src/usbd_ioreq.o
 .debug_info    0x0000f26c      0x63d ./USB_DEVICE/App/usb_device.o
 .debug_info    0x0000f8a9      0x7ec ./USB_DEVICE/App/usbd_cdc_if.o
 .debug_info    0x00010095      0x44a ./USB_DEVICE/App/usbd_desc.o
 .debug_info    0x000104df     0x1864 ./USB_DEVICE/Target/usbd_conf.o

.debug_abbrev   0x00000000     0x32b9
 .debug_abbrev  0x00000000      0x292 ./Core/Src/hx711.o
 .debug_abbrev  0x00000292      0x304 ./Core/Src/main.o
 .debug_abbrev  0x00000596      0x1ad ./Core/Src/stm32f1xx_hal_msp.o
 .debug_abbrev  0x00000743      0x1c6 ./Core/Src/stm32f1xx_it.o
 .debug_abbrev  0x00000909      0x13f ./Core/Src/system_stm32f1xx.o
 .debug_abbrev  0x00000a48       0x24 ./Core/Startup/startup_stm32f103c8tx.o
 .debug_abbrev  0x00000a6c      0x201 ./Drivers/STM32F1xx_HAL_Driver/Src/stm32f1xx_hal.o
 .debug_abbrev  0x00000c6d      0x2f8 ./Drivers/STM32F1xx_HAL_Driver/Src/stm32f1xx_hal_cortex.o
 .debug_abbrev  0x00000f65      0x1ca ./Drivers/STM32F1xx_HAL_Driver/Src/stm32f1xx_hal_gpio.o
 .debug_abbrev  0x0000112f      0x2d6 ./Drivers/STM32F1xx_HAL_Driver/Src/stm32f1xx_hal_pcd.o
 .debug_abbrev  0x00001405      0x189 ./Drivers/STM32F1xx_HAL_Driver/Src/stm32f1xx_hal_pcd_ex.o
 .debug_abbrev  0x0000158e      0x2b3 ./Drivers/STM32F1xx_HAL_Driver/Src/stm32f1xx_hal_rcc.o
 .debug_abbrev  0x00001841      0x188 ./Drivers/STM32F1xx_HAL_Driver/Src/stm32f1xx_hal_rcc_ex.o
 .debug_abbrev  0x000019c9      0x277 ./Drivers/STM32F1xx_HAL_Driver/Src/stm32f1xx_hal_tim.o
 .debug_abbrev  0x00001c40      0x282 ./Drivers/STM32F1xx_HAL_Driver/Src/stm32f1xx_hal_tim_ex.o
 .debug_abbrev  0x00001ec2      0x1de ./Drivers/STM32F1xx_HAL_Driver/Src/stm32f1xx_ll_usb.o
 .debug_abbrev  0x000020a0      0x2d3 ./Middlewares/ST/STM32_USB_Device_Library/Class/CDC/Src/usbd_cdc.o
 .debug_abbrev  0x00002373      0x24a ./Middlewares/ST/STM32_USB_Device_Library/Core/Src/usbd_core.o
 .debug_abbrev  0x000025bd      0x26b ./Middlewares/ST/STM32_USB_Device_Library/Core/Src/usbd_ctlreq.o
 .debug_abbrev  0x00002828      0x192 ./Middlewares/ST/STM32_USB_Device_Library/Core/Src/usbd_ioreq.o
 .debug_abbrev  0x000029ba      0x18d ./USB_DEVICE/App/usb_device.o
 .debug_abbrev  0x00002b47      0x25d ./USB_DEVICE/App/usbd_cdc_if.o
 .debug_abbrev  0x00002da4      0x1ff ./USB_DEVICE/App/usbd_desc.o
 .debug_abbrev  0x00002fa3      0x316 ./USB_DEVICE/Target/usbd_conf.o

.debug_aranges  0x00000000     0x1058
 .debug_aranges
                0x00000000       0x80 ./Core/Src/hx711.o
 .debug_aranges
                0x00000080       0x50 ./Core/Src/main.o
 .debug_aranges
                0x000000d0       0x30 ./Core/Src/stm32f1xx_hal_msp.o
 .debug_aranges
                0x00000100       0x70 ./Core/Src/stm32f1xx_it.o
 .debug_aranges
                0x00000170       0x28 ./Core/Src/system_stm32f1xx.o
 .debug_aranges
                0x00000198       0x28 ./Core/Startup/startup_stm32f103c8tx.o
 .debug_aranges
                0x000001c0       0xe0 ./Drivers/STM32F1xx_HAL_Driver/Src/stm32f1xx_hal.o
 .debug_aranges
                0x000002a0      0x100 ./Drivers/STM32F1xx_HAL_Driver/Src/stm32f1xx_hal_cortex.o
 .debug_aranges
                0x000003a0       0x58 ./Drivers/STM32F1xx_HAL_Driver/Src/stm32f1xx_hal_gpio.o
 .debug_aranges
                0x000003f8      0x140 ./Drivers/STM32F1xx_HAL_Driver/Src/stm32f1xx_hal_pcd.o
 .debug_aranges
                0x00000538       0x38 ./Drivers/STM32F1xx_HAL_Driver/Src/stm32f1xx_hal_pcd_ex.o
 .debug_aranges
                0x00000570       0x90 ./Drivers/STM32F1xx_HAL_Driver/Src/stm32f1xx_hal_rcc.o
 .debug_aranges
                0x00000600       0x30 ./Drivers/STM32F1xx_HAL_Driver/Src/stm32f1xx_hal_rcc_ex.o
 .debug_aranges
                0x00000630      0x3d0 ./Drivers/STM32F1xx_HAL_Driver/Src/stm32f1xx_hal_tim.o
 .debug_aranges
                0x00000a00      0x168 ./Drivers/STM32F1xx_HAL_Driver/Src/stm32f1xx_hal_tim_ex.o
 .debug_aranges
                0x00000b68       0xf8 ./Drivers/STM32F1xx_HAL_Driver/Src/stm32f1xx_ll_usb.o
 .debug_aranges
                0x00000c60       0x90 ./Middlewares/ST/STM32_USB_Device_Library/Class/CDC/Src/usbd_cdc.o
 .debug_aranges
                0x00000cf0       0xb8 ./Middlewares/ST/STM32_USB_Device_Library/Core/Src/usbd_core.o
 .debug_aranges
                0x00000da8       0x88 ./Middlewares/ST/STM32_USB_Device_Library/Core/Src/usbd_ctlreq.o
 .debug_aranges
                0x00000e30       0x50 ./Middlewares/ST/STM32_USB_Device_Library/Core/Src/usbd_ioreq.o
 .debug_aranges
                0x00000e80       0x20 ./USB_DEVICE/App/usb_device.o
 .debug_aranges
                0x00000ea0       0x40 ./USB_DEVICE/App/usbd_cdc_if.o
 .debug_aranges
                0x00000ee0       0x60 ./USB_DEVICE/App/usbd_desc.o
 .debug_aranges
                0x00000f40      0x118 ./USB_DEVICE/Target/usbd_conf.o

.debug_rnglists
                0x00000000      0xc60
 .debug_rnglists
                0x00000000       0x60 ./Core/Src/hx711.o
 .debug_rnglists
                0x00000060       0x3d ./Core/Src/main.o
 .debug_rnglists
                0x0000009d       0x1f ./Core/Src/stm32f1xx_hal_msp.o
 .debug_rnglists
                0x000000bc       0x4f ./Core/Src/stm32f1xx_it.o
 .debug_rnglists
                0x0000010b       0x1a ./Core/Src/system_stm32f1xx.o
 .debug_rnglists
                0x00000125       0x19 ./Core/Startup/startup_stm32f103c8tx.o
 .debug_rnglists
                0x0000013e       0xa3 ./Drivers/STM32F1xx_HAL_Driver/Src/stm32f1xx_hal.o
 .debug_rnglists
                0x000001e1       0xbb ./Drivers/STM32F1xx_HAL_Driver/Src/stm32f1xx_hal_cortex.o
 .debug_rnglists
                0x0000029c       0x3f ./Drivers/STM32F1xx_HAL_Driver/Src/stm32f1xx_hal_gpio.o
 .debug_rnglists
                0x000002db       0xf4 ./Drivers/STM32F1xx_HAL_Driver/Src/stm32f1xx_hal_pcd.o
 .debug_rnglists
                0x000003cf       0x26 ./Drivers/STM32F1xx_HAL_Driver/Src/stm32f1xx_hal_pcd_ex.o
 .debug_rnglists
                0x000003f5       0x6c ./Drivers/STM32F1xx_HAL_Driver/Src/stm32f1xx_hal_rcc.o
 .debug_rnglists
                0x00000461       0x21 ./Drivers/STM32F1xx_HAL_Driver/Src/stm32f1xx_hal_rcc_ex.o
 .debug_rnglists
                0x00000482      0x31a ./Drivers/STM32F1xx_HAL_Driver/Src/stm32f1xx_hal_tim.o
 .debug_rnglists
                0x0000079c      0x125 ./Drivers/STM32F1xx_HAL_Driver/Src/stm32f1xx_hal_tim_ex.o
 .debug_rnglists
                0x000008c1       0xbd ./Drivers/STM32F1xx_HAL_Driver/Src/stm32f1xx_ll_usb.o
 .debug_rnglists
                0x0000097e       0x6a ./Middlewares/ST/STM32_USB_Device_Library/Class/CDC/Src/usbd_cdc.o
 .debug_rnglists
                0x000009e8       0x89 ./Middlewares/ST/STM32_USB_Device_Library/Core/Src/usbd_core.o
 .debug_rnglists
                0x00000a71       0x68 ./Middlewares/ST/STM32_USB_Device_Library/Core/Src/usbd_ctlreq.o
 .debug_rnglists
                0x00000ad9       0x37 ./Middlewares/ST/STM32_USB_Device_Library/Core/Src/usbd_ioreq.o
 .debug_rnglists
                0x00000b10       0x13 ./USB_DEVICE/App/usb_device.o
 .debug_rnglists
                0x00000b23       0x2c ./USB_DEVICE/App/usbd_cdc_if.o
 .debug_rnglists
                0x00000b4f       0x43 ./USB_DEVICE/App/usbd_desc.o
 .debug_rnglists
                0x00000b92       0xce ./USB_DEVICE/Target/usbd_conf.o

.debug_macro    0x00000000    0x1a0ea
 .debug_macro   0x00000000      0x1d7 ./Core/Src/hx711.o
 .debug_macro   0x000001d7      0xacc ./Core/Src/hx711.o
 .debug_macro   0x00000ca3      0x21b ./Core/Src/hx711.o
 .debug_macro   0x00000ebe       0x2e ./Core/Src/hx711.o
 .debug_macro   0x00000eec       0x22 ./Core/Src/hx711.o
 .debug_macro   0x00000f0e       0x22 ./Core/Src/hx711.o
 .debug_macro   0x00000f30       0x8e ./Core/Src/hx711.o
 .debug_macro   0x00000fbe       0x51 ./Core/Src/hx711.o
 .debug_macro   0x0000100f      0x103 ./Core/Src/hx711.o
 .debug_macro   0x00001112       0x6a ./Core/Src/hx711.o
 .debug_macro   0x0000117c      0x1df ./Core/Src/hx711.o
 .debug_macro   0x0000135b       0x1c ./Core/Src/hx711.o
 .debug_macro   0x00001377       0x22 ./Core/Src/hx711.o
 .debug_macro   0x00001399       0xbd ./Core/Src/hx711.o
 .debug_macro   0x00001456      0xd23 ./Core/Src/hx711.o
 .debug_macro   0x00002179     0xe09e ./Core/Src/hx711.o
 .debug_macro   0x00010217       0x6d ./Core/Src/hx711.o
 .debug_macro   0x00010284     0x34a2 ./Core/Src/hx711.o
 .debug_macro   0x00013726      0x190 ./Core/Src/hx711.o
 .debug_macro   0x000138b6       0x5c ./Core/Src/hx711.o
 .debug_macro   0x00013912      0x5bc ./Core/Src/hx711.o
 .debug_macro   0x00013ece      0x289 ./Core/Src/hx711.o
 .debug_macro   0x00014157      0x1cb ./Core/Src/hx711.o
 .debug_macro   0x00014322      0x114 ./Core/Src/hx711.o
 .debug_macro   0x00014436      0x1b2 ./Core/Src/hx711.o
 .debug_macro   0x000145e8       0x27 ./Core/Src/hx711.o
 .debug_macro   0x0001460f      0x136 ./Core/Src/hx711.o
 .debug_macro   0x00014745      0x1bc ./Core/Src/hx711.o
 .debug_macro   0x00014901       0x34 ./Core/Src/hx711.o
 .debug_macro   0x00014935       0x3c ./Core/Src/hx711.o
 .debug_macro   0x00014971       0x57 ./Core/Src/hx711.o
 .debug_macro   0x000149c8       0x87 ./Core/Src/hx711.o
 .debug_macro   0x00014a4f      0x240 ./Core/Src/hx711.o
 .debug_macro   0x00014c8f      0x140 ./Core/Src/hx711.o
 .debug_macro   0x00014dcf      0x8ed ./Core/Src/hx711.o
 .debug_macro   0x000156bc       0xb7 ./Core/Src/hx711.o
 .debug_macro   0x00015773      0x242 ./Core/Src/hx711.o
 .debug_macro   0x000159b5       0x83 ./Core/Src/hx711.o
 .debug_macro   0x00015a38      0x395 ./Core/Src/main.o
 .debug_macro   0x00015dcd       0x61 ./Core/Src/main.o
 .debug_macro   0x00015e2e       0x24 ./Core/Src/main.o
 .debug_macro   0x00015e52       0x43 ./Core/Src/main.o
 .debug_macro   0x00015e95       0x34 ./Core/Src/main.o
 .debug_macro   0x00015ec9       0x16 ./Core/Src/main.o
 .debug_macro   0x00015edf       0x3c ./Core/Src/main.o
 .debug_macro   0x00015f1b      0x370 ./Core/Src/main.o
 .debug_macro   0x0001628b       0x10 ./Core/Src/main.o
 .debug_macro   0x0001629b       0x16 ./Core/Src/main.o
 .debug_macro   0x000162b1       0x4a ./Core/Src/main.o
 .debug_macro   0x000162fb       0x34 ./Core/Src/main.o
 .debug_macro   0x0001632f       0x10 ./Core/Src/main.o
 .debug_macro   0x0001633f       0x58 ./Core/Src/main.o
 .debug_macro   0x00016397       0x8e ./Core/Src/main.o
 .debug_macro   0x00016425       0x1c ./Core/Src/main.o
 .debug_macro   0x00016441      0x185 ./Core/Src/main.o
 .debug_macro   0x000165c6       0x16 ./Core/Src/main.o
 .debug_macro   0x000165dc       0x16 ./Core/Src/main.o
 .debug_macro   0x000165f2      0x146 ./Core/Src/main.o
 .debug_macro   0x00016738       0x16 ./Core/Src/main.o
 .debug_macro   0x0001674e       0x16 ./Core/Src/main.o
 .debug_macro   0x00016764       0x29 ./Core/Src/main.o
 .debug_macro   0x0001678d       0x16 ./Core/Src/main.o
 .debug_macro   0x000167a3       0x20 ./Core/Src/main.o
 .debug_macro   0x000167c3       0x5f ./Core/Src/main.o
 .debug_macro   0x00016822      0x1c8 ./Core/Src/main.o
 .debug_macro   0x000169ea       0x8f ./Core/Src/main.o
 .debug_macro   0x00016a79       0x10 ./Core/Src/main.o
 .debug_macro   0x00016a89      0x1c7 ./Core/Src/stm32f1xx_hal_msp.o
 .debug_macro   0x00016c50      0x1d1 ./Core/Src/stm32f1xx_it.o
 .debug_macro   0x00016e21      0x1bd ./Core/Src/system_stm32f1xx.o
 .debug_macro   0x00016fde      0x1e1 ./Drivers/STM32F1xx_HAL_Driver/Src/stm32f1xx_hal.o
 .debug_macro   0x000171bf      0x1bd ./Drivers/STM32F1xx_HAL_Driver/Src/stm32f1xx_hal_cortex.o
 .debug_macro   0x0001737c      0x228 ./Drivers/STM32F1xx_HAL_Driver/Src/stm32f1xx_hal_gpio.o
 .debug_macro   0x000175a4      0x1c9 ./Drivers/STM32F1xx_HAL_Driver/Src/stm32f1xx_hal_pcd.o
 .debug_macro   0x0001776d      0x1bd ./Drivers/STM32F1xx_HAL_Driver/Src/stm32f1xx_hal_pcd_ex.o
 .debug_macro   0x0001792a      0x1cf ./Drivers/STM32F1xx_HAL_Driver/Src/stm32f1xx_hal_rcc.o
 .debug_macro   0x00017af9      0x1bd ./Drivers/STM32F1xx_HAL_Driver/Src/stm32f1xx_hal_rcc_ex.o
 .debug_macro   0x00017cb6      0x1be ./Drivers/STM32F1xx_HAL_Driver/Src/stm32f1xx_hal_tim.o
 .debug_macro   0x00017e74      0x1bd ./Drivers/STM32F1xx_HAL_Driver/Src/stm32f1xx_hal_tim_ex.o
 .debug_macro   0x00018031      0x1bd ./Drivers/STM32F1xx_HAL_Driver/Src/stm32f1xx_ll_usb.o
 .debug_macro   0x000181ee      0x356 ./Middlewares/ST/STM32_USB_Device_Library/Class/CDC/Src/usbd_cdc.o
 .debug_macro   0x00018544       0x9e ./Middlewares/ST/STM32_USB_Device_Library/Class/CDC/Src/usbd_cdc.o
 .debug_macro   0x000185e2      0x112 ./Middlewares/ST/STM32_USB_Device_Library/Class/CDC/Src/usbd_cdc.o
 .debug_macro   0x000186f4       0x56 ./Middlewares/ST/STM32_USB_Device_Library/Class/CDC/Src/usbd_cdc.o
 .debug_macro   0x0001874a      0x33d ./Middlewares/ST/STM32_USB_Device_Library/Core/Src/usbd_core.o
 .debug_macro   0x00018a87      0x1ce ./Middlewares/ST/STM32_USB_Device_Library/Core/Src/usbd_core.o
 .debug_macro   0x00018c55      0x347 ./Middlewares/ST/STM32_USB_Device_Library/Core/Src/usbd_ctlreq.o
 .debug_macro   0x00018f9c      0x343 ./Middlewares/ST/STM32_USB_Device_Library/Core/Src/usbd_ioreq.o
 .debug_macro   0x000192df      0x37c ./USB_DEVICE/App/usb_device.o
 .debug_macro   0x0001965b       0x22 ./USB_DEVICE/App/usb_device.o
 .debug_macro   0x0001967d       0x16 ./USB_DEVICE/App/usb_device.o
 .debug_macro   0x00019693      0x361 ./USB_DEVICE/App/usbd_cdc_if.o
 .debug_macro   0x000199f4      0x37a ./USB_DEVICE/App/usbd_desc.o
 .debug_macro   0x00019d6e       0x1c ./USB_DEVICE/App/usbd_desc.o
 .debug_macro   0x00019d8a      0x360 ./USB_DEVICE/Target/usbd_conf.o

.debug_line     0x00000000    0x12f10
 .debug_line    0x00000000      0x8ff ./Core/Src/hx711.o
 .debug_line    0x000008ff      0xb24 ./Core/Src/main.o
 .debug_line    0x00001423      0x6cc ./Core/Src/stm32f1xx_hal_msp.o
 .debug_line    0x00001aef      0x74f ./Core/Src/stm32f1xx_it.o
 .debug_line    0x0000223e      0x6ef ./Core/Src/system_stm32f1xx.o
 .debug_line    0x0000292d       0x78 ./Core/Startup/startup_stm32f103c8tx.o
 .debug_line    0x000029a5      0x920 ./Drivers/STM32F1xx_HAL_Driver/Src/stm32f1xx_hal.o
 .debug_line    0x000032c5      0xaea ./Drivers/STM32F1xx_HAL_Driver/Src/stm32f1xx_hal_cortex.o
 .debug_line    0x00003daf      0x97d ./Drivers/STM32F1xx_HAL_Driver/Src/stm32f1xx_hal_gpio.o
 .debug_line    0x0000472c     0x12a5 ./Drivers/STM32F1xx_HAL_Driver/Src/stm32f1xx_hal_pcd.o
 .debug_line    0x000059d1      0x6ea ./Drivers/STM32F1xx_HAL_Driver/Src/stm32f1xx_hal_pcd_ex.o
 .debug_line    0x000060bb      0xdd9 ./Drivers/STM32F1xx_HAL_Driver/Src/stm32f1xx_hal_rcc.o
 .debug_line    0x00006e94      0x88a ./Drivers/STM32F1xx_HAL_Driver/Src/stm32f1xx_hal_rcc_ex.o
 .debug_line    0x0000771e     0x340e ./Drivers/STM32F1xx_HAL_Driver/Src/stm32f1xx_hal_tim.o
 .debug_line    0x0000ab2c     0x17e4 ./Drivers/STM32F1xx_HAL_Driver/Src/stm32f1xx_hal_tim_ex.o
 .debug_line    0x0000c310     0x1090 ./Drivers/STM32F1xx_HAL_Driver/Src/stm32f1xx_ll_usb.o
 .debug_line    0x0000d3a0      0xc69 ./Middlewares/ST/STM32_USB_Device_Library/Class/CDC/Src/usbd_cdc.o
 .debug_line    0x0000e009      0xcbe ./Middlewares/ST/STM32_USB_Device_Library/Core/Src/usbd_core.o
 .debug_line    0x0000ecc7      0xf08 ./Middlewares/ST/STM32_USB_Device_Library/Core/Src/usbd_ctlreq.o
 .debug_line    0x0000fbcf      0x974 ./Middlewares/ST/STM32_USB_Device_Library/Core/Src/usbd_ioreq.o
 .debug_line    0x00010543      0x944 ./USB_DEVICE/App/usb_device.o
 .debug_line    0x00010e87      0x97c ./USB_DEVICE/App/usbd_cdc_if.o
 .debug_line    0x00011803      0x9ed ./USB_DEVICE/App/usbd_desc.o
 .debug_line    0x000121f0      0xd20 ./USB_DEVICE/Target/usbd_conf.o

.debug_str      0x00000000    0x8ce93
 .debug_str     0x00000000    0x8ce93 ./Core/Src/hx711.o
                              0x84c4b (size before relaxing)
 .debug_str     0x0008ce93    0x895b2 ./Core/Src/main.o
 .debug_str     0x0008ce93    0x84d4c ./Core/Src/stm32f1xx_hal_msp.o
 .debug_str     0x0008ce93    0x84dbb ./Core/Src/stm32f1xx_it.o
 .debug_str     0x0008ce93    0x84572 ./Core/Src/system_stm32f1xx.o
 .debug_str     0x0008ce93       0xb3 ./Core/Startup/startup_stm32f103c8tx.o
 .debug_str     0x0008ce93    0x84ca5 ./Drivers/STM32F1xx_HAL_Driver/Src/stm32f1xx_hal.o
 .debug_str     0x0008ce93    0x84bf1 ./Drivers/STM32F1xx_HAL_Driver/Src/stm32f1xx_hal_cortex.o
 .debug_str     0x0008ce93    0x848f8 ./Drivers/STM32F1xx_HAL_Driver/Src/stm32f1xx_hal_gpio.o
 .debug_str     0x0008ce93    0x84e8f ./Drivers/STM32F1xx_HAL_Driver/Src/stm32f1xx_hal_pcd.o
 .debug_str     0x0008ce93    0x849f1 ./Drivers/STM32F1xx_HAL_Driver/Src/stm32f1xx_hal_pcd_ex.o
 .debug_str     0x0008ce93    0x849a1 ./Drivers/STM32F1xx_HAL_Driver/Src/stm32f1xx_hal_rcc.o
 .debug_str     0x0008ce93    0x846f1 ./Drivers/STM32F1xx_HAL_Driver/Src/stm32f1xx_hal_rcc_ex.o
 .debug_str     0x0008ce93    0x859a3 ./Drivers/STM32F1xx_HAL_Driver/Src/stm32f1xx_hal_tim.o
 .debug_str     0x0008ce93    0x851af ./Drivers/STM32F1xx_HAL_Driver/Src/stm32f1xx_hal_tim_ex.o
 .debug_str     0x0008ce93    0x84a43 ./Drivers/STM32F1xx_HAL_Driver/Src/stm32f1xx_ll_usb.o
 .debug_str     0x0008ce93    0x894de ./Middlewares/ST/STM32_USB_Device_Library/Class/CDC/Src/usbd_cdc.o
 .debug_str     0x0008ce93    0x88e0e ./Middlewares/ST/STM32_USB_Device_Library/Core/Src/usbd_core.o
 .debug_str     0x0008ce93    0x88d28 ./Middlewares/ST/STM32_USB_Device_Library/Core/Src/usbd_ctlreq.o
 .debug_str     0x0008ce93    0x88c55 ./Middlewares/ST/STM32_USB_Device_Library/Core/Src/usbd_ioreq.o
 .debug_str     0x0008ce93    0x88fe0 ./USB_DEVICE/App/usb_device.o
 .debug_str     0x0008ce93    0x89006 ./USB_DEVICE/App/usbd_cdc_if.o
 .debug_str     0x0008ce93    0x88b91 ./USB_DEVICE/App/usbd_desc.o
 .debug_str     0x0008ce93    0x89a6b ./USB_DEVICE/Target/usbd_conf.o

.comment        0x00000000       0x43
 .comment       0x00000000       0x43 ./Core/Src/hx711.o
                                 0x44 (size before relaxing)
 .comment       0x00000043       0x44 ./Core/Src/main.o
 .comment       0x00000043       0x44 ./Core/Src/stm32f1xx_hal_msp.o
 .comment       0x00000043       0x44 ./Core/Src/stm32f1xx_it.o
 .comment       0x00000043       0x44 ./Core/Src/system_stm32f1xx.o
 .comment       0x00000043       0x44 ./Drivers/STM32F1xx_HAL_Driver/Src/stm32f1xx_hal.o
 .comment       0x00000043       0x44 ./Drivers/STM32F1xx_HAL_Driver/Src/stm32f1xx_hal_cortex.o
 .comment       0x00000043       0x44 ./Drivers/STM32F1xx_HAL_Driver/Src/stm32f1xx_hal_gpio.o
 .comment       0x00000043       0x44 ./Drivers/STM32F1xx_HAL_Driver/Src/stm32f1xx_hal_pcd.o
 .comment       0x00000043       0x44 ./Drivers/STM32F1xx_HAL_Driver/Src/stm32f1xx_hal_pcd_ex.o
 .comment       0x00000043       0x44 ./Drivers/STM32F1xx_HAL_Driver/Src/stm32f1xx_hal_rcc.o
 .comment       0x00000043       0x44 ./Drivers/STM32F1xx_HAL_Driver/Src/stm32f1xx_hal_rcc_ex.o
 .comment       0x00000043       0x44 ./Drivers/STM32F1xx_HAL_Driver/Src/stm32f1xx_hal_tim.o
 .comment       0x00000043       0x44 ./Drivers/STM32F1xx_HAL_Driver/Src/stm32f1xx_hal_tim_ex.o
 .comment       0x00000043       0x44 ./Drivers/STM32F1xx_HAL_Driver/Src/stm32f1xx_ll_usb.o
 .comment       0x00000043       0x44 ./Middlewares/ST/STM32_USB_Device_Library/Class/CDC/Src/usbd_cdc.o
 .comment       0x00000043       0x44 ./Middlewares/ST/STM32_USB_Device_Library/Core/Src/usbd_core.o
 .comment       0x00000043       0x44 ./Middlewares/ST/STM32_USB_Device_Library/Core/Src/usbd_ctlreq.o
 .comment       0x00000043       0x44 ./Middlewares/ST/STM32_USB_Device_Library/Core/Src/usbd_ioreq.o
 .comment       0x00000043       0x44 ./USB_DEVICE/App/usb_device.o
 .comment       0x00000043       0x44 ./USB_DEVICE/App/usbd_cdc_if.o
 .comment       0x00000043       0x44 ./USB_DEVICE/App/usbd_desc.o
 .comment       0x00000043       0x44 ./USB_DEVICE/Target/usbd_conf.o

.debug_frame    0x00000000     0x43a8
 .debug_frame   0x00000000      0x214 ./Core/Src/hx711.o
 .debug_frame   0x00000214       0xfc ./Core/Src/main.o
 .debug_frame   0x00000310       0x80 ./Core/Src/stm32f1xx_hal_msp.o
 .debug_frame   0x00000390      0x13c ./Core/Src/stm32f1xx_it.o
 .debug_frame   0x000004cc       0x58 ./Core/Src/system_stm32f1xx.o
 .debug_frame   0x00000524      0x334 ./Drivers/STM32F1xx_HAL_Driver/Src/stm32f1xx_hal.o
 .debug_frame   0x00000858      0x428 ./Drivers/STM32F1xx_HAL_Driver/Src/stm32f1xx_hal_cortex.o
 .debug_frame   0x00000c80      0x14c ./Drivers/STM32F1xx_HAL_Driver/Src/stm32f1xx_hal_gpio.o
 .debug_frame   0x00000dcc      0x594 ./Drivers/STM32F1xx_HAL_Driver/Src/stm32f1xx_hal_pcd.o
 .debug_frame   0x00001360       0xb0 ./Drivers/STM32F1xx_HAL_Driver/Src/stm32f1xx_hal_pcd_ex.o
 .debug_frame   0x00001410      0x218 ./Drivers/STM32F1xx_HAL_Driver/Src/stm32f1xx_hal_rcc.o
 .debug_frame   0x00001628       0x80 ./Drivers/STM32F1xx_HAL_Driver/Src/stm32f1xx_hal_rcc_ex.o
 .debug_frame   0x000016a8     0x11b8 ./Drivers/STM32F1xx_HAL_Driver/Src/stm32f1xx_hal_tim.o
 .debug_frame   0x00002860      0x638 ./Drivers/STM32F1xx_HAL_Driver/Src/stm32f1xx_hal_tim_ex.o
 .debug_frame   0x00002e98      0x470 ./Drivers/STM32F1xx_HAL_Driver/Src/stm32f1xx_ll_usb.o
 .debug_frame   0x00003308      0x248 ./Middlewares/ST/STM32_USB_Device_Library/Class/CDC/Src/usbd_cdc.o
 .debug_frame   0x00003550      0x300 ./Middlewares/ST/STM32_USB_Device_Library/Core/Src/usbd_core.o
 .debug_frame   0x00003850      0x218 ./Middlewares/ST/STM32_USB_Device_Library/Core/Src/usbd_ctlreq.o
 .debug_frame   0x00003a68      0x10c ./Middlewares/ST/STM32_USB_Device_Library/Core/Src/usbd_ioreq.o
 .debug_frame   0x00003b74       0x2c ./USB_DEVICE/App/usb_device.o
 .debug_frame   0x00003ba0       0xbc ./USB_DEVICE/App/usbd_cdc_if.o
 .debug_frame   0x00003c5c      0x160 ./USB_DEVICE/App/usbd_desc.o
 .debug_frame   0x00003dbc      0x4a4 ./USB_DEVICE/Target/usbd_conf.o
 .debug_frame   0x00004260       0x20 /opt/st/stm32cubeide_1.18.1/plugins/com.st.stm32cube.ide.mcu.externaltools.gnu-tools-for-stm32.13.3.rel1.linux64_1.0.0.202410170706/tools/bin/../lib/gcc/arm-none-eabi/13.3.1/../../../../arm-none-eabi/lib/thumb/v7-m/nofp/libc_nano.a(libc_a-memset.o)
 .debug_frame   0x00004280       0x2c /opt/st/stm32cubeide_1.18.1/plugins/com.st.stm32cube.ide.mcu.externaltools.gnu-tools-for-stm32.13.3.rel1.linux64_1.0.0.202410170706/tools/bin/../lib/gcc/arm-none-eabi/13.3.1/../../../../arm-none-eabi/lib/thumb/v7-m/nofp/libc_nano.a(libc_a-init.o)
 .debug_frame   0x000042ac       0x4c /opt/st/stm32cubeide_1.18.1/plugins/com.st.stm32cube.ide.mcu.externaltools.gnu-tools-for-stm32.13.3.rel1.linux64_1.0.0.202410170706/tools/bin/../lib/gcc/arm-none-eabi/13.3.1/thumb/v7-m/nofp/libgcc.a(_arm_addsubsf3.o)
 .debug_frame   0x000042f8       0x38 /opt/st/stm32cubeide_1.18.1/plugins/com.st.stm32cube.ide.mcu.externaltools.gnu-tools-for-stm32.13.3.rel1.linux64_1.0.0.202410170706/tools/bin/../lib/gcc/arm-none-eabi/13.3.1/thumb/v7-m/nofp/libgcc.a(_arm_muldivsf3.o)
 .debug_frame   0x00004330       0x44 /opt/st/stm32cubeide_1.18.1/plugins/com.st.stm32cube.ide.mcu.externaltools.gnu-tools-for-stm32.13.3.rel1.linux64_1.0.0.202410170706/tools/bin/../lib/gcc/arm-none-eabi/13.3.1/thumb/v7-m/nofp/libgcc.a(_aeabi_ldivmod.o)
 .debug_frame   0x00004374       0x34 /opt/st/stm32cubeide_1.18.1/plugins/com.st.stm32cube.ide.mcu.externaltools.gnu-tools-for-stm32.13.3.rel1.linux64_1.0.0.202410170706/tools/bin/../lib/gcc/arm-none-eabi/13.3.1/thumb/v7-m/nofp/libgcc.a(_udivmoddi4.o)

.debug_line_str
                0x00000000       0x97
 .debug_line_str
                0x00000000       0x97 ./Core/Startup/startup_stm32f103c8tx.o
